[2023-06-03 03:22:54] local.ERROR: Undefined variable $name {"exception":"[object] (ErrorException(code: 0): Undefined variable $name at D:\\server\\htdocs\\matrimonial\\app\\Http\\Controllers\\userController.php:17)
[stacktrace]
#0 D:\\server\\htdocs\\matrimonial\\vendor\\laravel\\lumen-framework\\src\\Concerns\\RegistersExceptionHandlers.php(47): Laravel\\Lumen\\Application->handleError(2, 'Undefined varia...', 'D:\\\\server\\\\htdoc...', 17)
#1 D:\\server\\htdocs\\matrimonial\\app\\Http\\Controllers\\userController.php(17): Laravel\\Lumen\\Application->Laravel\\Lumen\\Concerns\\{closure}(2, 'Undefined varia...', 'D:\\\\server\\\\htdoc...', 17)
#2 D:\\server\\htdocs\\matrimonial\\vendor\\illuminate\\container\\BoundMethod.php(36): App\\Http\\Controllers\\userController->addUserDataFirstApi(Object(Laravel\\Lumen\\Http\\Request))
#3 D:\\server\\htdocs\\matrimonial\\vendor\\illuminate\\container\\Util.php(40): Illuminate\\Container\\BoundMethod::Illuminate\\Container\\{closure}()
#4 D:\\server\\htdocs\\matrimonial\\vendor\\illuminate\\container\\BoundMethod.php(93): Illuminate\\Container\\Util::unwrapIfClosure(Object(Closure))
#5 D:\\server\\htdocs\\matrimonial\\vendor\\illuminate\\container\\BoundMethod.php(35): Illuminate\\Container\\BoundMethod::callBoundMethod(Object(Laravel\\Lumen\\Application), Array, Object(Closure))
#6 D:\\server\\htdocs\\matrimonial\\vendor\\illuminate\\container\\Container.php(653): Illuminate\\Container\\BoundMethod::call(Object(Laravel\\Lumen\\Application), Array, Array, NULL)
#7 D:\\server\\htdocs\\matrimonial\\vendor\\laravel\\lumen-framework\\src\\Concerns\\RoutesRequests.php(389): Illuminate\\Container\\Container->call(Array, Array)
#8 D:\\server\\htdocs\\matrimonial\\vendor\\laravel\\lumen-framework\\src\\Concerns\\RoutesRequests.php(354): Laravel\\Lumen\\Application->callControllerCallable(Array, Array)
#9 D:\\server\\htdocs\\matrimonial\\vendor\\laravel\\lumen-framework\\src\\Concerns\\RoutesRequests.php(329): Laravel\\Lumen\\Application->callLumenController(Object(App\\Http\\Controllers\\userController), 'addUserDataFirs...', Array)
#10 D:\\server\\htdocs\\matrimonial\\vendor\\laravel\\lumen-framework\\src\\Concerns\\RoutesRequests.php(282): Laravel\\Lumen\\Application->callControllerAction(Array)
#11 D:\\server\\htdocs\\matrimonial\\vendor\\laravel\\lumen-framework\\src\\Concerns\\RoutesRequests.php(267): Laravel\\Lumen\\Application->callActionOnArrayBasedRoute(Array)
#12 D:\\server\\htdocs\\matrimonial\\vendor\\laravel\\lumen-framework\\src\\Concerns\\RoutesRequests.php(169): Laravel\\Lumen\\Application->handleFoundRoute(Array)
#13 D:\\server\\htdocs\\matrimonial\\vendor\\laravel\\lumen-framework\\src\\Routing\\Pipeline.php(48): Laravel\\Lumen\\Application->Laravel\\Lumen\\Concerns\\{closure}(Object(Laravel\\Lumen\\Http\\Request))
#14 D:\\server\\htdocs\\matrimonial\\app\\Http\\Middleware\\CorsMiddleware.php(28): Laravel\\Lumen\\Routing\\Pipeline->Laravel\\Lumen\\Routing\\{closure}(Object(Laravel\\Lumen\\Http\\Request))
#15 D:\\server\\htdocs\\matrimonial\\vendor\\illuminate\\pipeline\\Pipeline.php(167): App\\Http\\Middleware\\CorsMiddleware->handle(Object(Laravel\\Lumen\\Http\\Request), Object(Closure))
#16 D:\\server\\htdocs\\matrimonial\\vendor\\laravel\\lumen-framework\\src\\Routing\\Pipeline.php(30): Illuminate\\Pipeline\\Pipeline->Illuminate\\Pipeline\\{closure}(Object(Laravel\\Lumen\\Http\\Request))
#17 D:\\server\\htdocs\\matrimonial\\app\\Http\\Middleware\\ExampleMiddleware.php(18): Laravel\\Lumen\\Routing\\Pipeline->Laravel\\Lumen\\Routing\\{closure}(Object(Laravel\\Lumen\\Http\\Request))
#18 D:\\server\\htdocs\\matrimonial\\vendor\\illuminate\\pipeline\\Pipeline.php(167): App\\Http\\Middleware\\ExampleMiddleware->handle(Object(Laravel\\Lumen\\Http\\Request), Object(Closure))
#19 D:\\server\\htdocs\\matrimonial\\vendor\\laravel\\lumen-framework\\src\\Routing\\Pipeline.php(30): Illuminate\\Pipeline\\Pipeline->Illuminate\\Pipeline\\{closure}(Object(Laravel\\Lumen\\Http\\Request))
#20 D:\\server\\htdocs\\matrimonial\\vendor\\illuminate\\pipeline\\Pipeline.php(103): Laravel\\Lumen\\Routing\\Pipeline->Laravel\\Lumen\\Routing\\{closure}(Object(Laravel\\Lumen\\Http\\Request))
#21 D:\\server\\htdocs\\matrimonial\\vendor\\laravel\\lumen-framework\\src\\Concerns\\RoutesRequests.php(426): Illuminate\\Pipeline\\Pipeline->then(Object(Closure))
#22 D:\\server\\htdocs\\matrimonial\\vendor\\laravel\\lumen-framework\\src\\Concerns\\RoutesRequests.php(165): Laravel\\Lumen\\Application->sendThroughPipeline(Array, Object(Closure))
#23 D:\\server\\htdocs\\matrimonial\\vendor\\laravel\\lumen-framework\\src\\Concerns\\RoutesRequests.php(112): Laravel\\Lumen\\Application->dispatch(NULL)
#24 D:\\server\\htdocs\\matrimonial\\public\\index.php(28): Laravel\\Lumen\\Application->run()
#25 {main}
"} 
[2023-06-03 03:44:00] local.ERROR: Undefined variable $name {"exception":"[object] (ErrorException(code: 0): Undefined variable $name at D:\\server\\htdocs\\matrimonial\\app\\Http\\Controllers\\userController.php:17)
[stacktrace]
#0 D:\\server\\htdocs\\matrimonial\\vendor\\laravel\\lumen-framework\\src\\Concerns\\RegistersExceptionHandlers.php(47): Laravel\\Lumen\\Application->handleError(2, 'Undefined varia...', 'D:\\\\server\\\\htdoc...', 17)
#1 D:\\server\\htdocs\\matrimonial\\app\\Http\\Controllers\\userController.php(17): Laravel\\Lumen\\Application->Laravel\\Lumen\\Concerns\\{closure}(2, 'Undefined varia...', 'D:\\\\server\\\\htdoc...', 17)
#2 D:\\server\\htdocs\\matrimonial\\vendor\\illuminate\\container\\BoundMethod.php(36): App\\Http\\Controllers\\userController->addUserDataFirstApi(Object(Laravel\\Lumen\\Http\\Request))
#3 D:\\server\\htdocs\\matrimonial\\vendor\\illuminate\\container\\Util.php(40): Illuminate\\Container\\BoundMethod::Illuminate\\Container\\{closure}()
#4 D:\\server\\htdocs\\matrimonial\\vendor\\illuminate\\container\\BoundMethod.php(93): Illuminate\\Container\\Util::unwrapIfClosure(Object(Closure))
#5 D:\\server\\htdocs\\matrimonial\\vendor\\illuminate\\container\\BoundMethod.php(35): Illuminate\\Container\\BoundMethod::callBoundMethod(Object(Laravel\\Lumen\\Application), Array, Object(Closure))
#6 D:\\server\\htdocs\\matrimonial\\vendor\\illuminate\\container\\Container.php(653): Illuminate\\Container\\BoundMethod::call(Object(Laravel\\Lumen\\Application), Array, Array, NULL)
#7 D:\\server\\htdocs\\matrimonial\\vendor\\laravel\\lumen-framework\\src\\Concerns\\RoutesRequests.php(389): Illuminate\\Container\\Container->call(Array, Array)
#8 D:\\server\\htdocs\\matrimonial\\vendor\\laravel\\lumen-framework\\src\\Concerns\\RoutesRequests.php(354): Laravel\\Lumen\\Application->callControllerCallable(Array, Array)
#9 D:\\server\\htdocs\\matrimonial\\vendor\\laravel\\lumen-framework\\src\\Concerns\\RoutesRequests.php(329): Laravel\\Lumen\\Application->callLumenController(Object(App\\Http\\Controllers\\userController), 'addUserDataFirs...', Array)
#10 D:\\server\\htdocs\\matrimonial\\vendor\\laravel\\lumen-framework\\src\\Concerns\\RoutesRequests.php(282): Laravel\\Lumen\\Application->callControllerAction(Array)
#11 D:\\server\\htdocs\\matrimonial\\vendor\\laravel\\lumen-framework\\src\\Concerns\\RoutesRequests.php(267): Laravel\\Lumen\\Application->callActionOnArrayBasedRoute(Array)
#12 D:\\server\\htdocs\\matrimonial\\vendor\\laravel\\lumen-framework\\src\\Concerns\\RoutesRequests.php(169): Laravel\\Lumen\\Application->handleFoundRoute(Array)
#13 D:\\server\\htdocs\\matrimonial\\vendor\\laravel\\lumen-framework\\src\\Routing\\Pipeline.php(48): Laravel\\Lumen\\Application->Laravel\\Lumen\\Concerns\\{closure}(Object(Laravel\\Lumen\\Http\\Request))
#14 D:\\server\\htdocs\\matrimonial\\app\\Http\\Middleware\\CorsMiddleware.php(28): Laravel\\Lumen\\Routing\\Pipeline->Laravel\\Lumen\\Routing\\{closure}(Object(Laravel\\Lumen\\Http\\Request))
#15 D:\\server\\htdocs\\matrimonial\\vendor\\illuminate\\pipeline\\Pipeline.php(167): App\\Http\\Middleware\\CorsMiddleware->handle(Object(Laravel\\Lumen\\Http\\Request), Object(Closure))
#16 D:\\server\\htdocs\\matrimonial\\vendor\\laravel\\lumen-framework\\src\\Routing\\Pipeline.php(30): Illuminate\\Pipeline\\Pipeline->Illuminate\\Pipeline\\{closure}(Object(Laravel\\Lumen\\Http\\Request))
#17 D:\\server\\htdocs\\matrimonial\\app\\Http\\Middleware\\ExampleMiddleware.php(18): Laravel\\Lumen\\Routing\\Pipeline->Laravel\\Lumen\\Routing\\{closure}(Object(Laravel\\Lumen\\Http\\Request))
#18 D:\\server\\htdocs\\matrimonial\\vendor\\illuminate\\pipeline\\Pipeline.php(167): App\\Http\\Middleware\\ExampleMiddleware->handle(Object(Laravel\\Lumen\\Http\\Request), Object(Closure))
#19 D:\\server\\htdocs\\matrimonial\\vendor\\laravel\\lumen-framework\\src\\Routing\\Pipeline.php(30): Illuminate\\Pipeline\\Pipeline->Illuminate\\Pipeline\\{closure}(Object(Laravel\\Lumen\\Http\\Request))
#20 D:\\server\\htdocs\\matrimonial\\vendor\\illuminate\\pipeline\\Pipeline.php(103): Laravel\\Lumen\\Routing\\Pipeline->Laravel\\Lumen\\Routing\\{closure}(Object(Laravel\\Lumen\\Http\\Request))
#21 D:\\server\\htdocs\\matrimonial\\vendor\\laravel\\lumen-framework\\src\\Concerns\\RoutesRequests.php(426): Illuminate\\Pipeline\\Pipeline->then(Object(Closure))
#22 D:\\server\\htdocs\\matrimonial\\vendor\\laravel\\lumen-framework\\src\\Concerns\\RoutesRequests.php(165): Laravel\\Lumen\\Application->sendThroughPipeline(Array, Object(Closure))
#23 D:\\server\\htdocs\\matrimonial\\vendor\\laravel\\lumen-framework\\src\\Concerns\\RoutesRequests.php(112): Laravel\\Lumen\\Application->dispatch(NULL)
#24 D:\\server\\htdocs\\matrimonial\\public\\index.php(28): Laravel\\Lumen\\Application->run()
#25 {main}
"} 
[2023-06-03 03:58:58] local.ERROR: SQLSTATE[42S22]: Column not found: 1054 Unknown column 'auth_password	' in 'field list' (SQL: insert into `auth_user` (`auth_ID`, `auth_email`, `auth_password	`, `auth_phone_no	`) values (PATRABIBAHA9685, cchiku1999@gmail.com, fe01ce2a7fbac8fafaed7c982a04e229, )) {"exception":"[object] (Illuminate\\Database\\QueryException(code: 42S22): SQLSTATE[42S22]: Column not found: 1054 Unknown column 'auth_password\t' in 'field list' (SQL: insert into `auth_user` (`auth_ID`, `auth_email`, `auth_password\t`, `auth_phone_no\t`) values (PATRABIBAHA9685, cchiku1999@gmail.com, fe01ce2a7fbac8fafaed7c982a04e229, )) at D:\\server\\htdocs\\matrimonial\\vendor\\illuminate\\database\\Connection.php:712)
[stacktrace]
#0 D:\\server\\htdocs\\matrimonial\\vendor\\illuminate\\database\\Connection.php(672): Illuminate\\Database\\Connection->runQueryCallback('insert into `au...', Array, Object(Closure))
#1 D:\\server\\htdocs\\matrimonial\\vendor\\illuminate\\database\\Connection.php(490): Illuminate\\Database\\Connection->run('insert into `au...', Array, Object(Closure))
#2 D:\\server\\htdocs\\matrimonial\\vendor\\illuminate\\database\\Connection.php(454): Illuminate\\Database\\Connection->statement('insert into `au...', Array)
#3 D:\\server\\htdocs\\matrimonial\\vendor\\illuminate\\database\\Query\\Builder.php(2978): Illuminate\\Database\\Connection->insert('insert into `au...', Array)
#4 D:\\server\\htdocs\\matrimonial\\app\\Http\\Controllers\\userController.php(40): Illuminate\\Database\\Query\\Builder->insert(Array)
#5 D:\\server\\htdocs\\matrimonial\\vendor\\illuminate\\container\\BoundMethod.php(36): App\\Http\\Controllers\\userController->addUserDataFirstApi(Object(Laravel\\Lumen\\Http\\Request))
#6 D:\\server\\htdocs\\matrimonial\\vendor\\illuminate\\container\\Util.php(40): Illuminate\\Container\\BoundMethod::Illuminate\\Container\\{closure}()
#7 D:\\server\\htdocs\\matrimonial\\vendor\\illuminate\\container\\BoundMethod.php(93): Illuminate\\Container\\Util::unwrapIfClosure(Object(Closure))
#8 D:\\server\\htdocs\\matrimonial\\vendor\\illuminate\\container\\BoundMethod.php(35): Illuminate\\Container\\BoundMethod::callBoundMethod(Object(Laravel\\Lumen\\Application), Array, Object(Closure))
#9 D:\\server\\htdocs\\matrimonial\\vendor\\illuminate\\container\\Container.php(653): Illuminate\\Container\\BoundMethod::call(Object(Laravel\\Lumen\\Application), Array, Array, NULL)
#10 D:\\server\\htdocs\\matrimonial\\vendor\\laravel\\lumen-framework\\src\\Concerns\\RoutesRequests.php(389): Illuminate\\Container\\Container->call(Array, Array)
#11 D:\\server\\htdocs\\matrimonial\\vendor\\laravel\\lumen-framework\\src\\Concerns\\RoutesRequests.php(354): Laravel\\Lumen\\Application->callControllerCallable(Array, Array)
#12 D:\\server\\htdocs\\matrimonial\\vendor\\laravel\\lumen-framework\\src\\Concerns\\RoutesRequests.php(329): Laravel\\Lumen\\Application->callLumenController(Object(App\\Http\\Controllers\\userController), 'addUserDataFirs...', Array)
#13 D:\\server\\htdocs\\matrimonial\\vendor\\laravel\\lumen-framework\\src\\Concerns\\RoutesRequests.php(282): Laravel\\Lumen\\Application->callControllerAction(Array)
#14 D:\\server\\htdocs\\matrimonial\\vendor\\laravel\\lumen-framework\\src\\Concerns\\RoutesRequests.php(267): Laravel\\Lumen\\Application->callActionOnArrayBasedRoute(Array)
#15 D:\\server\\htdocs\\matrimonial\\vendor\\laravel\\lumen-framework\\src\\Concerns\\RoutesRequests.php(169): Laravel\\Lumen\\Application->handleFoundRoute(Array)
#16 D:\\server\\htdocs\\matrimonial\\vendor\\laravel\\lumen-framework\\src\\Routing\\Pipeline.php(48): Laravel\\Lumen\\Application->Laravel\\Lumen\\Concerns\\{closure}(Object(Laravel\\Lumen\\Http\\Request))
#17 D:\\server\\htdocs\\matrimonial\\app\\Http\\Middleware\\CorsMiddleware.php(28): Laravel\\Lumen\\Routing\\Pipeline->Laravel\\Lumen\\Routing\\{closure}(Object(Laravel\\Lumen\\Http\\Request))
#18 D:\\server\\htdocs\\matrimonial\\vendor\\illuminate\\pipeline\\Pipeline.php(167): App\\Http\\Middleware\\CorsMiddleware->handle(Object(Laravel\\Lumen\\Http\\Request), Object(Closure))
#19 D:\\server\\htdocs\\matrimonial\\vendor\\laravel\\lumen-framework\\src\\Routing\\Pipeline.php(30): Illuminate\\Pipeline\\Pipeline->Illuminate\\Pipeline\\{closure}(Object(Laravel\\Lumen\\Http\\Request))
#20 D:\\server\\htdocs\\matrimonial\\app\\Http\\Middleware\\ExampleMiddleware.php(18): Laravel\\Lumen\\Routing\\Pipeline->Laravel\\Lumen\\Routing\\{closure}(Object(Laravel\\Lumen\\Http\\Request))
#21 D:\\server\\htdocs\\matrimonial\\vendor\\illuminate\\pipeline\\Pipeline.php(167): App\\Http\\Middleware\\ExampleMiddleware->handle(Object(Laravel\\Lumen\\Http\\Request), Object(Closure))
#22 D:\\server\\htdocs\\matrimonial\\vendor\\laravel\\lumen-framework\\src\\Routing\\Pipeline.php(30): Illuminate\\Pipeline\\Pipeline->Illuminate\\Pipeline\\{closure}(Object(Laravel\\Lumen\\Http\\Request))
#23 D:\\server\\htdocs\\matrimonial\\vendor\\illuminate\\pipeline\\Pipeline.php(103): Laravel\\Lumen\\Routing\\Pipeline->Laravel\\Lumen\\Routing\\{closure}(Object(Laravel\\Lumen\\Http\\Request))
#24 D:\\server\\htdocs\\matrimonial\\vendor\\laravel\\lumen-framework\\src\\Concerns\\RoutesRequests.php(426): Illuminate\\Pipeline\\Pipeline->then(Object(Closure))
#25 D:\\server\\htdocs\\matrimonial\\vendor\\laravel\\lumen-framework\\src\\Concerns\\RoutesRequests.php(165): Laravel\\Lumen\\Application->sendThroughPipeline(Array, Object(Closure))
#26 D:\\server\\htdocs\\matrimonial\\vendor\\laravel\\lumen-framework\\src\\Concerns\\RoutesRequests.php(112): Laravel\\Lumen\\Application->dispatch(NULL)
#27 D:\\server\\htdocs\\matrimonial\\public\\index.php(28): Laravel\\Lumen\\Application->run()
#28 {main}

[previous exception] [object] (PDOException(code: 42S22): SQLSTATE[42S22]: Column not found: 1054 Unknown column 'auth_password\t' in 'field list' at D:\\server\\htdocs\\matrimonial\\vendor\\illuminate\\database\\Connection.php:495)
[stacktrace]
#0 D:\\server\\htdocs\\matrimonial\\vendor\\illuminate\\database\\Connection.php(495): PDO->prepare('insert into `au...')
#1 D:\\server\\htdocs\\matrimonial\\vendor\\illuminate\\database\\Connection.php(705): Illuminate\\Database\\Connection->Illuminate\\Database\\{closure}('insert into `au...', Array)
#2 D:\\server\\htdocs\\matrimonial\\vendor\\illuminate\\database\\Connection.php(672): Illuminate\\Database\\Connection->runQueryCallback('insert into `au...', Array, Object(Closure))
#3 D:\\server\\htdocs\\matrimonial\\vendor\\illuminate\\database\\Connection.php(490): Illuminate\\Database\\Connection->run('insert into `au...', Array, Object(Closure))
#4 D:\\server\\htdocs\\matrimonial\\vendor\\illuminate\\database\\Connection.php(454): Illuminate\\Database\\Connection->statement('insert into `au...', Array)
#5 D:\\server\\htdocs\\matrimonial\\vendor\\illuminate\\database\\Query\\Builder.php(2978): Illuminate\\Database\\Connection->insert('insert into `au...', Array)
#6 D:\\server\\htdocs\\matrimonial\\app\\Http\\Controllers\\userController.php(40): Illuminate\\Database\\Query\\Builder->insert(Array)
#7 D:\\server\\htdocs\\matrimonial\\vendor\\illuminate\\container\\BoundMethod.php(36): App\\Http\\Controllers\\userController->addUserDataFirstApi(Object(Laravel\\Lumen\\Http\\Request))
#8 D:\\server\\htdocs\\matrimonial\\vendor\\illuminate\\container\\Util.php(40): Illuminate\\Container\\BoundMethod::Illuminate\\Container\\{closure}()
#9 D:\\server\\htdocs\\matrimonial\\vendor\\illuminate\\container\\BoundMethod.php(93): Illuminate\\Container\\Util::unwrapIfClosure(Object(Closure))
#10 D:\\server\\htdocs\\matrimonial\\vendor\\illuminate\\container\\BoundMethod.php(35): Illuminate\\Container\\BoundMethod::callBoundMethod(Object(Laravel\\Lumen\\Application), Array, Object(Closure))
#11 D:\\server\\htdocs\\matrimonial\\vendor\\illuminate\\container\\Container.php(653): Illuminate\\Container\\BoundMethod::call(Object(Laravel\\Lumen\\Application), Array, Array, NULL)
#12 D:\\server\\htdocs\\matrimonial\\vendor\\laravel\\lumen-framework\\src\\Concerns\\RoutesRequests.php(389): Illuminate\\Container\\Container->call(Array, Array)
#13 D:\\server\\htdocs\\matrimonial\\vendor\\laravel\\lumen-framework\\src\\Concerns\\RoutesRequests.php(354): Laravel\\Lumen\\Application->callControllerCallable(Array, Array)
#14 D:\\server\\htdocs\\matrimonial\\vendor\\laravel\\lumen-framework\\src\\Concerns\\RoutesRequests.php(329): Laravel\\Lumen\\Application->callLumenController(Object(App\\Http\\Controllers\\userController), 'addUserDataFirs...', Array)
#15 D:\\server\\htdocs\\matrimonial\\vendor\\laravel\\lumen-framework\\src\\Concerns\\RoutesRequests.php(282): Laravel\\Lumen\\Application->callControllerAction(Array)
#16 D:\\server\\htdocs\\matrimonial\\vendor\\laravel\\lumen-framework\\src\\Concerns\\RoutesRequests.php(267): Laravel\\Lumen\\Application->callActionOnArrayBasedRoute(Array)
#17 D:\\server\\htdocs\\matrimonial\\vendor\\laravel\\lumen-framework\\src\\Concerns\\RoutesRequests.php(169): Laravel\\Lumen\\Application->handleFoundRoute(Array)
#18 D:\\server\\htdocs\\matrimonial\\vendor\\laravel\\lumen-framework\\src\\Routing\\Pipeline.php(48): Laravel\\Lumen\\Application->Laravel\\Lumen\\Concerns\\{closure}(Object(Laravel\\Lumen\\Http\\Request))
#19 D:\\server\\htdocs\\matrimonial\\app\\Http\\Middleware\\CorsMiddleware.php(28): Laravel\\Lumen\\Routing\\Pipeline->Laravel\\Lumen\\Routing\\{closure}(Object(Laravel\\Lumen\\Http\\Request))
#20 D:\\server\\htdocs\\matrimonial\\vendor\\illuminate\\pipeline\\Pipeline.php(167): App\\Http\\Middleware\\CorsMiddleware->handle(Object(Laravel\\Lumen\\Http\\Request), Object(Closure))
#21 D:\\server\\htdocs\\matrimonial\\vendor\\laravel\\lumen-framework\\src\\Routing\\Pipeline.php(30): Illuminate\\Pipeline\\Pipeline->Illuminate\\Pipeline\\{closure}(Object(Laravel\\Lumen\\Http\\Request))
#22 D:\\server\\htdocs\\matrimonial\\app\\Http\\Middleware\\ExampleMiddleware.php(18): Laravel\\Lumen\\Routing\\Pipeline->Laravel\\Lumen\\Routing\\{closure}(Object(Laravel\\Lumen\\Http\\Request))
#23 D:\\server\\htdocs\\matrimonial\\vendor\\illuminate\\pipeline\\Pipeline.php(167): App\\Http\\Middleware\\ExampleMiddleware->handle(Object(Laravel\\Lumen\\Http\\Request), Object(Closure))
#24 D:\\server\\htdocs\\matrimonial\\vendor\\laravel\\lumen-framework\\src\\Routing\\Pipeline.php(30): Illuminate\\Pipeline\\Pipeline->Illuminate\\Pipeline\\{closure}(Object(Laravel\\Lumen\\Http\\Request))
#25 D:\\server\\htdocs\\matrimonial\\vendor\\illuminate\\pipeline\\Pipeline.php(103): Laravel\\Lumen\\Routing\\Pipeline->Laravel\\Lumen\\Routing\\{closure}(Object(Laravel\\Lumen\\Http\\Request))
#26 D:\\server\\htdocs\\matrimonial\\vendor\\laravel\\lumen-framework\\src\\Concerns\\RoutesRequests.php(426): Illuminate\\Pipeline\\Pipeline->then(Object(Closure))
#27 D:\\server\\htdocs\\matrimonial\\vendor\\laravel\\lumen-framework\\src\\Concerns\\RoutesRequests.php(165): Laravel\\Lumen\\Application->sendThroughPipeline(Array, Object(Closure))
#28 D:\\server\\htdocs\\matrimonial\\vendor\\laravel\\lumen-framework\\src\\Concerns\\RoutesRequests.php(112): Laravel\\Lumen\\Application->dispatch(NULL)
#29 D:\\server\\htdocs\\matrimonial\\public\\index.php(28): Laravel\\Lumen\\Application->run()
#30 {main}
"} 
[2023-06-03 04:00:19] local.ERROR: SQLSTATE[42S22]: Column not found: 1054 Unknown column 'auth_phone_no	' in 'field list' (SQL: insert into `auth_user` (`auth_ID`, `auth_email`, `auth_password`, `auth_phone_no	`) values (PATRABIBAHA9591, cchiku1999@gmail.com, fe01ce2a7fbac8fafaed7c982a04e229, )) {"exception":"[object] (Illuminate\\Database\\QueryException(code: 42S22): SQLSTATE[42S22]: Column not found: 1054 Unknown column 'auth_phone_no\t' in 'field list' (SQL: insert into `auth_user` (`auth_ID`, `auth_email`, `auth_password`, `auth_phone_no\t`) values (PATRABIBAHA9591, cchiku1999@gmail.com, fe01ce2a7fbac8fafaed7c982a04e229, )) at D:\\server\\htdocs\\matrimonial\\vendor\\illuminate\\database\\Connection.php:712)
[stacktrace]
#0 D:\\server\\htdocs\\matrimonial\\vendor\\illuminate\\database\\Connection.php(672): Illuminate\\Database\\Connection->runQueryCallback('insert into `au...', Array, Object(Closure))
#1 D:\\server\\htdocs\\matrimonial\\vendor\\illuminate\\database\\Connection.php(490): Illuminate\\Database\\Connection->run('insert into `au...', Array, Object(Closure))
#2 D:\\server\\htdocs\\matrimonial\\vendor\\illuminate\\database\\Connection.php(454): Illuminate\\Database\\Connection->statement('insert into `au...', Array)
#3 D:\\server\\htdocs\\matrimonial\\vendor\\illuminate\\database\\Query\\Builder.php(2978): Illuminate\\Database\\Connection->insert('insert into `au...', Array)
#4 D:\\server\\htdocs\\matrimonial\\app\\Http\\Controllers\\userController.php(40): Illuminate\\Database\\Query\\Builder->insert(Array)
#5 D:\\server\\htdocs\\matrimonial\\vendor\\illuminate\\container\\BoundMethod.php(36): App\\Http\\Controllers\\userController->addUserDataFirstApi(Object(Laravel\\Lumen\\Http\\Request))
#6 D:\\server\\htdocs\\matrimonial\\vendor\\illuminate\\container\\Util.php(40): Illuminate\\Container\\BoundMethod::Illuminate\\Container\\{closure}()
#7 D:\\server\\htdocs\\matrimonial\\vendor\\illuminate\\container\\BoundMethod.php(93): Illuminate\\Container\\Util::unwrapIfClosure(Object(Closure))
#8 D:\\server\\htdocs\\matrimonial\\vendor\\illuminate\\container\\BoundMethod.php(35): Illuminate\\Container\\BoundMethod::callBoundMethod(Object(Laravel\\Lumen\\Application), Array, Object(Closure))
#9 D:\\server\\htdocs\\matrimonial\\vendor\\illuminate\\container\\Container.php(653): Illuminate\\Container\\BoundMethod::call(Object(Laravel\\Lumen\\Application), Array, Array, NULL)
#10 D:\\server\\htdocs\\matrimonial\\vendor\\laravel\\lumen-framework\\src\\Concerns\\RoutesRequests.php(389): Illuminate\\Container\\Container->call(Array, Array)
#11 D:\\server\\htdocs\\matrimonial\\vendor\\laravel\\lumen-framework\\src\\Concerns\\RoutesRequests.php(354): Laravel\\Lumen\\Application->callControllerCallable(Array, Array)
#12 D:\\server\\htdocs\\matrimonial\\vendor\\laravel\\lumen-framework\\src\\Concerns\\RoutesRequests.php(329): Laravel\\Lumen\\Application->callLumenController(Object(App\\Http\\Controllers\\userController), 'addUserDataFirs...', Array)
#13 D:\\server\\htdocs\\matrimonial\\vendor\\laravel\\lumen-framework\\src\\Concerns\\RoutesRequests.php(282): Laravel\\Lumen\\Application->callControllerAction(Array)
#14 D:\\server\\htdocs\\matrimonial\\vendor\\laravel\\lumen-framework\\src\\Concerns\\RoutesRequests.php(267): Laravel\\Lumen\\Application->callActionOnArrayBasedRoute(Array)
#15 D:\\server\\htdocs\\matrimonial\\vendor\\laravel\\lumen-framework\\src\\Concerns\\RoutesRequests.php(169): Laravel\\Lumen\\Application->handleFoundRoute(Array)
#16 D:\\server\\htdocs\\matrimonial\\vendor\\laravel\\lumen-framework\\src\\Routing\\Pipeline.php(48): Laravel\\Lumen\\Application->Laravel\\Lumen\\Concerns\\{closure}(Object(Laravel\\Lumen\\Http\\Request))
#17 D:\\server\\htdocs\\matrimonial\\app\\Http\\Middleware\\CorsMiddleware.php(28): Laravel\\Lumen\\Routing\\Pipeline->Laravel\\Lumen\\Routing\\{closure}(Object(Laravel\\Lumen\\Http\\Request))
#18 D:\\server\\htdocs\\matrimonial\\vendor\\illuminate\\pipeline\\Pipeline.php(167): App\\Http\\Middleware\\CorsMiddleware->handle(Object(Laravel\\Lumen\\Http\\Request), Object(Closure))
#19 D:\\server\\htdocs\\matrimonial\\vendor\\laravel\\lumen-framework\\src\\Routing\\Pipeline.php(30): Illuminate\\Pipeline\\Pipeline->Illuminate\\Pipeline\\{closure}(Object(Laravel\\Lumen\\Http\\Request))
#20 D:\\server\\htdocs\\matrimonial\\app\\Http\\Middleware\\ExampleMiddleware.php(18): Laravel\\Lumen\\Routing\\Pipeline->Laravel\\Lumen\\Routing\\{closure}(Object(Laravel\\Lumen\\Http\\Request))
#21 D:\\server\\htdocs\\matrimonial\\vendor\\illuminate\\pipeline\\Pipeline.php(167): App\\Http\\Middleware\\ExampleMiddleware->handle(Object(Laravel\\Lumen\\Http\\Request), Object(Closure))
#22 D:\\server\\htdocs\\matrimonial\\vendor\\laravel\\lumen-framework\\src\\Routing\\Pipeline.php(30): Illuminate\\Pipeline\\Pipeline->Illuminate\\Pipeline\\{closure}(Object(Laravel\\Lumen\\Http\\Request))
#23 D:\\server\\htdocs\\matrimonial\\vendor\\illuminate\\pipeline\\Pipeline.php(103): Laravel\\Lumen\\Routing\\Pipeline->Laravel\\Lumen\\Routing\\{closure}(Object(Laravel\\Lumen\\Http\\Request))
#24 D:\\server\\htdocs\\matrimonial\\vendor\\laravel\\lumen-framework\\src\\Concerns\\RoutesRequests.php(426): Illuminate\\Pipeline\\Pipeline->then(Object(Closure))
#25 D:\\server\\htdocs\\matrimonial\\vendor\\laravel\\lumen-framework\\src\\Concerns\\RoutesRequests.php(165): Laravel\\Lumen\\Application->sendThroughPipeline(Array, Object(Closure))
#26 D:\\server\\htdocs\\matrimonial\\vendor\\laravel\\lumen-framework\\src\\Concerns\\RoutesRequests.php(112): Laravel\\Lumen\\Application->dispatch(NULL)
#27 D:\\server\\htdocs\\matrimonial\\public\\index.php(28): Laravel\\Lumen\\Application->run()
#28 {main}

[previous exception] [object] (PDOException(code: 42S22): SQLSTATE[42S22]: Column not found: 1054 Unknown column 'auth_phone_no\t' in 'field list' at D:\\server\\htdocs\\matrimonial\\vendor\\illuminate\\database\\Connection.php:495)
[stacktrace]
#0 D:\\server\\htdocs\\matrimonial\\vendor\\illuminate\\database\\Connection.php(495): PDO->prepare('insert into `au...')
#1 D:\\server\\htdocs\\matrimonial\\vendor\\illuminate\\database\\Connection.php(705): Illuminate\\Database\\Connection->Illuminate\\Database\\{closure}('insert into `au...', Array)
#2 D:\\server\\htdocs\\matrimonial\\vendor\\illuminate\\database\\Connection.php(672): Illuminate\\Database\\Connection->runQueryCallback('insert into `au...', Array, Object(Closure))
#3 D:\\server\\htdocs\\matrimonial\\vendor\\illuminate\\database\\Connection.php(490): Illuminate\\Database\\Connection->run('insert into `au...', Array, Object(Closure))
#4 D:\\server\\htdocs\\matrimonial\\vendor\\illuminate\\database\\Connection.php(454): Illuminate\\Database\\Connection->statement('insert into `au...', Array)
#5 D:\\server\\htdocs\\matrimonial\\vendor\\illuminate\\database\\Query\\Builder.php(2978): Illuminate\\Database\\Connection->insert('insert into `au...', Array)
#6 D:\\server\\htdocs\\matrimonial\\app\\Http\\Controllers\\userController.php(40): Illuminate\\Database\\Query\\Builder->insert(Array)
#7 D:\\server\\htdocs\\matrimonial\\vendor\\illuminate\\container\\BoundMethod.php(36): App\\Http\\Controllers\\userController->addUserDataFirstApi(Object(Laravel\\Lumen\\Http\\Request))
#8 D:\\server\\htdocs\\matrimonial\\vendor\\illuminate\\container\\Util.php(40): Illuminate\\Container\\BoundMethod::Illuminate\\Container\\{closure}()
#9 D:\\server\\htdocs\\matrimonial\\vendor\\illuminate\\container\\BoundMethod.php(93): Illuminate\\Container\\Util::unwrapIfClosure(Object(Closure))
#10 D:\\server\\htdocs\\matrimonial\\vendor\\illuminate\\container\\BoundMethod.php(35): Illuminate\\Container\\BoundMethod::callBoundMethod(Object(Laravel\\Lumen\\Application), Array, Object(Closure))
#11 D:\\server\\htdocs\\matrimonial\\vendor\\illuminate\\container\\Container.php(653): Illuminate\\Container\\BoundMethod::call(Object(Laravel\\Lumen\\Application), Array, Array, NULL)
#12 D:\\server\\htdocs\\matrimonial\\vendor\\laravel\\lumen-framework\\src\\Concerns\\RoutesRequests.php(389): Illuminate\\Container\\Container->call(Array, Array)
#13 D:\\server\\htdocs\\matrimonial\\vendor\\laravel\\lumen-framework\\src\\Concerns\\RoutesRequests.php(354): Laravel\\Lumen\\Application->callControllerCallable(Array, Array)
#14 D:\\server\\htdocs\\matrimonial\\vendor\\laravel\\lumen-framework\\src\\Concerns\\RoutesRequests.php(329): Laravel\\Lumen\\Application->callLumenController(Object(App\\Http\\Controllers\\userController), 'addUserDataFirs...', Array)
#15 D:\\server\\htdocs\\matrimonial\\vendor\\laravel\\lumen-framework\\src\\Concerns\\RoutesRequests.php(282): Laravel\\Lumen\\Application->callControllerAction(Array)
#16 D:\\server\\htdocs\\matrimonial\\vendor\\laravel\\lumen-framework\\src\\Concerns\\RoutesRequests.php(267): Laravel\\Lumen\\Application->callActionOnArrayBasedRoute(Array)
#17 D:\\server\\htdocs\\matrimonial\\vendor\\laravel\\lumen-framework\\src\\Concerns\\RoutesRequests.php(169): Laravel\\Lumen\\Application->handleFoundRoute(Array)
#18 D:\\server\\htdocs\\matrimonial\\vendor\\laravel\\lumen-framework\\src\\Routing\\Pipeline.php(48): Laravel\\Lumen\\Application->Laravel\\Lumen\\Concerns\\{closure}(Object(Laravel\\Lumen\\Http\\Request))
#19 D:\\server\\htdocs\\matrimonial\\app\\Http\\Middleware\\CorsMiddleware.php(28): Laravel\\Lumen\\Routing\\Pipeline->Laravel\\Lumen\\Routing\\{closure}(Object(Laravel\\Lumen\\Http\\Request))
#20 D:\\server\\htdocs\\matrimonial\\vendor\\illuminate\\pipeline\\Pipeline.php(167): App\\Http\\Middleware\\CorsMiddleware->handle(Object(Laravel\\Lumen\\Http\\Request), Object(Closure))
#21 D:\\server\\htdocs\\matrimonial\\vendor\\laravel\\lumen-framework\\src\\Routing\\Pipeline.php(30): Illuminate\\Pipeline\\Pipeline->Illuminate\\Pipeline\\{closure}(Object(Laravel\\Lumen\\Http\\Request))
#22 D:\\server\\htdocs\\matrimonial\\app\\Http\\Middleware\\ExampleMiddleware.php(18): Laravel\\Lumen\\Routing\\Pipeline->Laravel\\Lumen\\Routing\\{closure}(Object(Laravel\\Lumen\\Http\\Request))
#23 D:\\server\\htdocs\\matrimonial\\vendor\\illuminate\\pipeline\\Pipeline.php(167): App\\Http\\Middleware\\ExampleMiddleware->handle(Object(Laravel\\Lumen\\Http\\Request), Object(Closure))
#24 D:\\server\\htdocs\\matrimonial\\vendor\\laravel\\lumen-framework\\src\\Routing\\Pipeline.php(30): Illuminate\\Pipeline\\Pipeline->Illuminate\\Pipeline\\{closure}(Object(Laravel\\Lumen\\Http\\Request))
#25 D:\\server\\htdocs\\matrimonial\\vendor\\illuminate\\pipeline\\Pipeline.php(103): Laravel\\Lumen\\Routing\\Pipeline->Laravel\\Lumen\\Routing\\{closure}(Object(Laravel\\Lumen\\Http\\Request))
#26 D:\\server\\htdocs\\matrimonial\\vendor\\laravel\\lumen-framework\\src\\Concerns\\RoutesRequests.php(426): Illuminate\\Pipeline\\Pipeline->then(Object(Closure))
#27 D:\\server\\htdocs\\matrimonial\\vendor\\laravel\\lumen-framework\\src\\Concerns\\RoutesRequests.php(165): Laravel\\Lumen\\Application->sendThroughPipeline(Array, Object(Closure))
#28 D:\\server\\htdocs\\matrimonial\\vendor\\laravel\\lumen-framework\\src\\Concerns\\RoutesRequests.php(112): Laravel\\Lumen\\Application->dispatch(NULL)
#29 D:\\server\\htdocs\\matrimonial\\public\\index.php(28): Laravel\\Lumen\\Application->run()
#30 {main}
"} 
[2023-06-03 07:31:35] local.ERROR: Undefined variable $user_arr {"exception":"[object] (ErrorException(code: 0): Undefined variable $user_arr at D:\\server\\htdocs\\matrimonial\\app\\Http\\Controllers\\userController.php:67)
[stacktrace]
#0 D:\\server\\htdocs\\matrimonial\\vendor\\laravel\\lumen-framework\\src\\Concerns\\RegistersExceptionHandlers.php(47): Laravel\\Lumen\\Application->handleError(2, 'Undefined varia...', 'D:\\\\server\\\\htdoc...', 67)
#1 D:\\server\\htdocs\\matrimonial\\app\\Http\\Controllers\\userController.php(67): Laravel\\Lumen\\Application->Laravel\\Lumen\\Concerns\\{closure}(2, 'Undefined varia...', 'D:\\\\server\\\\htdoc...', 67)
#2 D:\\server\\htdocs\\matrimonial\\vendor\\illuminate\\container\\BoundMethod.php(36): App\\Http\\Controllers\\userController->addUserDataFirstApi(Object(Laravel\\Lumen\\Http\\Request))
#3 D:\\server\\htdocs\\matrimonial\\vendor\\illuminate\\container\\Util.php(40): Illuminate\\Container\\BoundMethod::Illuminate\\Container\\{closure}()
#4 D:\\server\\htdocs\\matrimonial\\vendor\\illuminate\\container\\BoundMethod.php(93): Illuminate\\Container\\Util::unwrapIfClosure(Object(Closure))
#5 D:\\server\\htdocs\\matrimonial\\vendor\\illuminate\\container\\BoundMethod.php(35): Illuminate\\Container\\BoundMethod::callBoundMethod(Object(Laravel\\Lumen\\Application), Array, Object(Closure))
#6 D:\\server\\htdocs\\matrimonial\\vendor\\illuminate\\container\\Container.php(653): Illuminate\\Container\\BoundMethod::call(Object(Laravel\\Lumen\\Application), Array, Array, NULL)
#7 D:\\server\\htdocs\\matrimonial\\vendor\\laravel\\lumen-framework\\src\\Concerns\\RoutesRequests.php(389): Illuminate\\Container\\Container->call(Array, Array)
#8 D:\\server\\htdocs\\matrimonial\\vendor\\laravel\\lumen-framework\\src\\Concerns\\RoutesRequests.php(354): Laravel\\Lumen\\Application->callControllerCallable(Array, Array)
#9 D:\\server\\htdocs\\matrimonial\\vendor\\laravel\\lumen-framework\\src\\Concerns\\RoutesRequests.php(329): Laravel\\Lumen\\Application->callLumenController(Object(App\\Http\\Controllers\\userController), 'addUserDataFirs...', Array)
#10 D:\\server\\htdocs\\matrimonial\\vendor\\laravel\\lumen-framework\\src\\Concerns\\RoutesRequests.php(282): Laravel\\Lumen\\Application->callControllerAction(Array)
#11 D:\\server\\htdocs\\matrimonial\\vendor\\laravel\\lumen-framework\\src\\Concerns\\RoutesRequests.php(267): Laravel\\Lumen\\Application->callActionOnArrayBasedRoute(Array)
#12 D:\\server\\htdocs\\matrimonial\\vendor\\laravel\\lumen-framework\\src\\Concerns\\RoutesRequests.php(169): Laravel\\Lumen\\Application->handleFoundRoute(Array)
#13 D:\\server\\htdocs\\matrimonial\\vendor\\laravel\\lumen-framework\\src\\Routing\\Pipeline.php(48): Laravel\\Lumen\\Application->Laravel\\Lumen\\Concerns\\{closure}(Object(Laravel\\Lumen\\Http\\Request))
#14 D:\\server\\htdocs\\matrimonial\\app\\Http\\Middleware\\CorsMiddleware.php(28): Laravel\\Lumen\\Routing\\Pipeline->Laravel\\Lumen\\Routing\\{closure}(Object(Laravel\\Lumen\\Http\\Request))
#15 D:\\server\\htdocs\\matrimonial\\vendor\\illuminate\\pipeline\\Pipeline.php(167): App\\Http\\Middleware\\CorsMiddleware->handle(Object(Laravel\\Lumen\\Http\\Request), Object(Closure))
#16 D:\\server\\htdocs\\matrimonial\\vendor\\laravel\\lumen-framework\\src\\Routing\\Pipeline.php(30): Illuminate\\Pipeline\\Pipeline->Illuminate\\Pipeline\\{closure}(Object(Laravel\\Lumen\\Http\\Request))
#17 D:\\server\\htdocs\\matrimonial\\app\\Http\\Middleware\\ExampleMiddleware.php(18): Laravel\\Lumen\\Routing\\Pipeline->Laravel\\Lumen\\Routing\\{closure}(Object(Laravel\\Lumen\\Http\\Request))
#18 D:\\server\\htdocs\\matrimonial\\vendor\\illuminate\\pipeline\\Pipeline.php(167): App\\Http\\Middleware\\ExampleMiddleware->handle(Object(Laravel\\Lumen\\Http\\Request), Object(Closure))
#19 D:\\server\\htdocs\\matrimonial\\vendor\\laravel\\lumen-framework\\src\\Routing\\Pipeline.php(30): Illuminate\\Pipeline\\Pipeline->Illuminate\\Pipeline\\{closure}(Object(Laravel\\Lumen\\Http\\Request))
#20 D:\\server\\htdocs\\matrimonial\\vendor\\illuminate\\pipeline\\Pipeline.php(103): Laravel\\Lumen\\Routing\\Pipeline->Laravel\\Lumen\\Routing\\{closure}(Object(Laravel\\Lumen\\Http\\Request))
#21 D:\\server\\htdocs\\matrimonial\\vendor\\laravel\\lumen-framework\\src\\Concerns\\RoutesRequests.php(426): Illuminate\\Pipeline\\Pipeline->then(Object(Closure))
#22 D:\\server\\htdocs\\matrimonial\\vendor\\laravel\\lumen-framework\\src\\Concerns\\RoutesRequests.php(165): Laravel\\Lumen\\Application->sendThroughPipeline(Array, Object(Closure))
#23 D:\\server\\htdocs\\matrimonial\\vendor\\laravel\\lumen-framework\\src\\Concerns\\RoutesRequests.php(112): Laravel\\Lumen\\Application->dispatch(NULL)
#24 D:\\server\\htdocs\\matrimonial\\public\\index.php(28): Laravel\\Lumen\\Application->run()
#25 {main}
"} 
[2023-06-03 11:35:15] local.ERROR: Undefined property: stdClass::$fb {"exception":"[object] (ErrorException(code: 0): Undefined property: stdClass::$fb at D:\\server\\htdocs\\matrimonial\\app\\Http\\Controllers\\addItemControler.php:15)
[stacktrace]
#0 D:\\server\\htdocs\\matrimonial\\vendor\\laravel\\lumen-framework\\src\\Concerns\\RegistersExceptionHandlers.php(47): Laravel\\Lumen\\Application->handleError(2, 'Undefined prope...', 'D:\\\\server\\\\htdoc...', 15)
#1 D:\\server\\htdocs\\matrimonial\\app\\Http\\Controllers\\addItemControler.php(15): Laravel\\Lumen\\Application->Laravel\\Lumen\\Concerns\\{closure}(2, 'Undefined prope...', 'D:\\\\server\\\\htdoc...', 15)
#2 D:\\server\\htdocs\\matrimonial\\vendor\\illuminate\\container\\BoundMethod.php(36): App\\Http\\Controllers\\addItemControler->socialMediaLink()
#3 D:\\server\\htdocs\\matrimonial\\vendor\\illuminate\\container\\Util.php(40): Illuminate\\Container\\BoundMethod::Illuminate\\Container\\{closure}()
#4 D:\\server\\htdocs\\matrimonial\\vendor\\illuminate\\container\\BoundMethod.php(93): Illuminate\\Container\\Util::unwrapIfClosure(Object(Closure))
#5 D:\\server\\htdocs\\matrimonial\\vendor\\illuminate\\container\\BoundMethod.php(35): Illuminate\\Container\\BoundMethod::callBoundMethod(Object(Laravel\\Lumen\\Application), Array, Object(Closure))
#6 D:\\server\\htdocs\\matrimonial\\vendor\\illuminate\\container\\Container.php(653): Illuminate\\Container\\BoundMethod::call(Object(Laravel\\Lumen\\Application), Array, Array, NULL)
#7 D:\\server\\htdocs\\matrimonial\\vendor\\laravel\\lumen-framework\\src\\Concerns\\RoutesRequests.php(389): Illuminate\\Container\\Container->call(Array, Array)
#8 D:\\server\\htdocs\\matrimonial\\vendor\\laravel\\lumen-framework\\src\\Concerns\\RoutesRequests.php(354): Laravel\\Lumen\\Application->callControllerCallable(Array, Array)
#9 D:\\server\\htdocs\\matrimonial\\vendor\\laravel\\lumen-framework\\src\\Concerns\\RoutesRequests.php(329): Laravel\\Lumen\\Application->callLumenController(Object(App\\Http\\Controllers\\addItemControler), 'socialMediaLink', Array)
#10 D:\\server\\htdocs\\matrimonial\\vendor\\laravel\\lumen-framework\\src\\Concerns\\RoutesRequests.php(282): Laravel\\Lumen\\Application->callControllerAction(Array)
#11 D:\\server\\htdocs\\matrimonial\\vendor\\laravel\\lumen-framework\\src\\Concerns\\RoutesRequests.php(267): Laravel\\Lumen\\Application->callActionOnArrayBasedRoute(Array)
#12 D:\\server\\htdocs\\matrimonial\\vendor\\laravel\\lumen-framework\\src\\Concerns\\RoutesRequests.php(169): Laravel\\Lumen\\Application->handleFoundRoute(Array)
#13 D:\\server\\htdocs\\matrimonial\\vendor\\laravel\\lumen-framework\\src\\Routing\\Pipeline.php(48): Laravel\\Lumen\\Application->Laravel\\Lumen\\Concerns\\{closure}(Object(Laravel\\Lumen\\Http\\Request))
#14 D:\\server\\htdocs\\matrimonial\\app\\Http\\Middleware\\CorsMiddleware.php(28): Laravel\\Lumen\\Routing\\Pipeline->Laravel\\Lumen\\Routing\\{closure}(Object(Laravel\\Lumen\\Http\\Request))
#15 D:\\server\\htdocs\\matrimonial\\vendor\\illuminate\\pipeline\\Pipeline.php(167): App\\Http\\Middleware\\CorsMiddleware->handle(Object(Laravel\\Lumen\\Http\\Request), Object(Closure))
#16 D:\\server\\htdocs\\matrimonial\\vendor\\laravel\\lumen-framework\\src\\Routing\\Pipeline.php(30): Illuminate\\Pipeline\\Pipeline->Illuminate\\Pipeline\\{closure}(Object(Laravel\\Lumen\\Http\\Request))
#17 D:\\server\\htdocs\\matrimonial\\app\\Http\\Middleware\\ExampleMiddleware.php(18): Laravel\\Lumen\\Routing\\Pipeline->Laravel\\Lumen\\Routing\\{closure}(Object(Laravel\\Lumen\\Http\\Request))
#18 D:\\server\\htdocs\\matrimonial\\vendor\\illuminate\\pipeline\\Pipeline.php(167): App\\Http\\Middleware\\ExampleMiddleware->handle(Object(Laravel\\Lumen\\Http\\Request), Object(Closure))
#19 D:\\server\\htdocs\\matrimonial\\vendor\\laravel\\lumen-framework\\src\\Routing\\Pipeline.php(30): Illuminate\\Pipeline\\Pipeline->Illuminate\\Pipeline\\{closure}(Object(Laravel\\Lumen\\Http\\Request))
#20 D:\\server\\htdocs\\matrimonial\\vendor\\illuminate\\pipeline\\Pipeline.php(103): Laravel\\Lumen\\Routing\\Pipeline->Laravel\\Lumen\\Routing\\{closure}(Object(Laravel\\Lumen\\Http\\Request))
#21 D:\\server\\htdocs\\matrimonial\\vendor\\laravel\\lumen-framework\\src\\Concerns\\RoutesRequests.php(426): Illuminate\\Pipeline\\Pipeline->then(Object(Closure))
#22 D:\\server\\htdocs\\matrimonial\\vendor\\laravel\\lumen-framework\\src\\Concerns\\RoutesRequests.php(165): Laravel\\Lumen\\Application->sendThroughPipeline(Array, Object(Closure))
#23 D:\\server\\htdocs\\matrimonial\\vendor\\laravel\\lumen-framework\\src\\Concerns\\RoutesRequests.php(112): Laravel\\Lumen\\Application->dispatch(NULL)
#24 D:\\server\\htdocs\\matrimonial\\public\\index.php(28): Laravel\\Lumen\\Application->run()
#25 {main}
"} 
[2023-06-03 11:37:57] local.ERROR: Undefined property: stdClass::$fb {"exception":"[object] (ErrorException(code: 0): Undefined property: stdClass::$fb at D:\\server\\htdocs\\matrimonial\\app\\Http\\Controllers\\addItemControler.php:15)
[stacktrace]
#0 D:\\server\\htdocs\\matrimonial\\vendor\\laravel\\lumen-framework\\src\\Concerns\\RegistersExceptionHandlers.php(47): Laravel\\Lumen\\Application->handleError(2, 'Undefined prope...', 'D:\\\\server\\\\htdoc...', 15)
#1 D:\\server\\htdocs\\matrimonial\\app\\Http\\Controllers\\addItemControler.php(15): Laravel\\Lumen\\Application->Laravel\\Lumen\\Concerns\\{closure}(2, 'Undefined prope...', 'D:\\\\server\\\\htdoc...', 15)
#2 D:\\server\\htdocs\\matrimonial\\vendor\\illuminate\\container\\BoundMethod.php(36): App\\Http\\Controllers\\addItemControler->socialMediaLink()
#3 D:\\server\\htdocs\\matrimonial\\vendor\\illuminate\\container\\Util.php(40): Illuminate\\Container\\BoundMethod::Illuminate\\Container\\{closure}()
#4 D:\\server\\htdocs\\matrimonial\\vendor\\illuminate\\container\\BoundMethod.php(93): Illuminate\\Container\\Util::unwrapIfClosure(Object(Closure))
#5 D:\\server\\htdocs\\matrimonial\\vendor\\illuminate\\container\\BoundMethod.php(35): Illuminate\\Container\\BoundMethod::callBoundMethod(Object(Laravel\\Lumen\\Application), Array, Object(Closure))
#6 D:\\server\\htdocs\\matrimonial\\vendor\\illuminate\\container\\Container.php(653): Illuminate\\Container\\BoundMethod::call(Object(Laravel\\Lumen\\Application), Array, Array, NULL)
#7 D:\\server\\htdocs\\matrimonial\\vendor\\laravel\\lumen-framework\\src\\Concerns\\RoutesRequests.php(389): Illuminate\\Container\\Container->call(Array, Array)
#8 D:\\server\\htdocs\\matrimonial\\vendor\\laravel\\lumen-framework\\src\\Concerns\\RoutesRequests.php(354): Laravel\\Lumen\\Application->callControllerCallable(Array, Array)
#9 D:\\server\\htdocs\\matrimonial\\vendor\\laravel\\lumen-framework\\src\\Concerns\\RoutesRequests.php(329): Laravel\\Lumen\\Application->callLumenController(Object(App\\Http\\Controllers\\addItemControler), 'socialMediaLink', Array)
#10 D:\\server\\htdocs\\matrimonial\\vendor\\laravel\\lumen-framework\\src\\Concerns\\RoutesRequests.php(282): Laravel\\Lumen\\Application->callControllerAction(Array)
#11 D:\\server\\htdocs\\matrimonial\\vendor\\laravel\\lumen-framework\\src\\Concerns\\RoutesRequests.php(267): Laravel\\Lumen\\Application->callActionOnArrayBasedRoute(Array)
#12 D:\\server\\htdocs\\matrimonial\\vendor\\laravel\\lumen-framework\\src\\Concerns\\RoutesRequests.php(169): Laravel\\Lumen\\Application->handleFoundRoute(Array)
#13 D:\\server\\htdocs\\matrimonial\\vendor\\laravel\\lumen-framework\\src\\Routing\\Pipeline.php(48): Laravel\\Lumen\\Application->Laravel\\Lumen\\Concerns\\{closure}(Object(Laravel\\Lumen\\Http\\Request))
#14 D:\\server\\htdocs\\matrimonial\\app\\Http\\Middleware\\CorsMiddleware.php(28): Laravel\\Lumen\\Routing\\Pipeline->Laravel\\Lumen\\Routing\\{closure}(Object(Laravel\\Lumen\\Http\\Request))
#15 D:\\server\\htdocs\\matrimonial\\vendor\\illuminate\\pipeline\\Pipeline.php(167): App\\Http\\Middleware\\CorsMiddleware->handle(Object(Laravel\\Lumen\\Http\\Request), Object(Closure))
#16 D:\\server\\htdocs\\matrimonial\\vendor\\laravel\\lumen-framework\\src\\Routing\\Pipeline.php(30): Illuminate\\Pipeline\\Pipeline->Illuminate\\Pipeline\\{closure}(Object(Laravel\\Lumen\\Http\\Request))
#17 D:\\server\\htdocs\\matrimonial\\app\\Http\\Middleware\\ExampleMiddleware.php(18): Laravel\\Lumen\\Routing\\Pipeline->Laravel\\Lumen\\Routing\\{closure}(Object(Laravel\\Lumen\\Http\\Request))
#18 D:\\server\\htdocs\\matrimonial\\vendor\\illuminate\\pipeline\\Pipeline.php(167): App\\Http\\Middleware\\ExampleMiddleware->handle(Object(Laravel\\Lumen\\Http\\Request), Object(Closure))
#19 D:\\server\\htdocs\\matrimonial\\vendor\\laravel\\lumen-framework\\src\\Routing\\Pipeline.php(30): Illuminate\\Pipeline\\Pipeline->Illuminate\\Pipeline\\{closure}(Object(Laravel\\Lumen\\Http\\Request))
#20 D:\\server\\htdocs\\matrimonial\\vendor\\illuminate\\pipeline\\Pipeline.php(103): Laravel\\Lumen\\Routing\\Pipeline->Laravel\\Lumen\\Routing\\{closure}(Object(Laravel\\Lumen\\Http\\Request))
#21 D:\\server\\htdocs\\matrimonial\\vendor\\laravel\\lumen-framework\\src\\Concerns\\RoutesRequests.php(426): Illuminate\\Pipeline\\Pipeline->then(Object(Closure))
#22 D:\\server\\htdocs\\matrimonial\\vendor\\laravel\\lumen-framework\\src\\Concerns\\RoutesRequests.php(165): Laravel\\Lumen\\Application->sendThroughPipeline(Array, Object(Closure))
#23 D:\\server\\htdocs\\matrimonial\\vendor\\laravel\\lumen-framework\\src\\Concerns\\RoutesRequests.php(112): Laravel\\Lumen\\Application->dispatch(NULL)
#24 D:\\server\\htdocs\\matrimonial\\public\\index.php(28): Laravel\\Lumen\\Application->run()
#25 {main}
"} 
[2023-06-03 11:38:03] local.ERROR: Undefined property: stdClass::$fb {"exception":"[object] (ErrorException(code: 0): Undefined property: stdClass::$fb at D:\\server\\htdocs\\matrimonial\\app\\Http\\Controllers\\addItemControler.php:15)
[stacktrace]
#0 D:\\server\\htdocs\\matrimonial\\vendor\\laravel\\lumen-framework\\src\\Concerns\\RegistersExceptionHandlers.php(47): Laravel\\Lumen\\Application->handleError(2, 'Undefined prope...', 'D:\\\\server\\\\htdoc...', 15)
#1 D:\\server\\htdocs\\matrimonial\\app\\Http\\Controllers\\addItemControler.php(15): Laravel\\Lumen\\Application->Laravel\\Lumen\\Concerns\\{closure}(2, 'Undefined prope...', 'D:\\\\server\\\\htdoc...', 15)
#2 D:\\server\\htdocs\\matrimonial\\vendor\\illuminate\\container\\BoundMethod.php(36): App\\Http\\Controllers\\addItemControler->socialMediaLink()
#3 D:\\server\\htdocs\\matrimonial\\vendor\\illuminate\\container\\Util.php(40): Illuminate\\Container\\BoundMethod::Illuminate\\Container\\{closure}()
#4 D:\\server\\htdocs\\matrimonial\\vendor\\illuminate\\container\\BoundMethod.php(93): Illuminate\\Container\\Util::unwrapIfClosure(Object(Closure))
#5 D:\\server\\htdocs\\matrimonial\\vendor\\illuminate\\container\\BoundMethod.php(35): Illuminate\\Container\\BoundMethod::callBoundMethod(Object(Laravel\\Lumen\\Application), Array, Object(Closure))
#6 D:\\server\\htdocs\\matrimonial\\vendor\\illuminate\\container\\Container.php(653): Illuminate\\Container\\BoundMethod::call(Object(Laravel\\Lumen\\Application), Array, Array, NULL)
#7 D:\\server\\htdocs\\matrimonial\\vendor\\laravel\\lumen-framework\\src\\Concerns\\RoutesRequests.php(389): Illuminate\\Container\\Container->call(Array, Array)
#8 D:\\server\\htdocs\\matrimonial\\vendor\\laravel\\lumen-framework\\src\\Concerns\\RoutesRequests.php(354): Laravel\\Lumen\\Application->callControllerCallable(Array, Array)
#9 D:\\server\\htdocs\\matrimonial\\vendor\\laravel\\lumen-framework\\src\\Concerns\\RoutesRequests.php(329): Laravel\\Lumen\\Application->callLumenController(Object(App\\Http\\Controllers\\addItemControler), 'socialMediaLink', Array)
#10 D:\\server\\htdocs\\matrimonial\\vendor\\laravel\\lumen-framework\\src\\Concerns\\RoutesRequests.php(282): Laravel\\Lumen\\Application->callControllerAction(Array)
#11 D:\\server\\htdocs\\matrimonial\\vendor\\laravel\\lumen-framework\\src\\Concerns\\RoutesRequests.php(267): Laravel\\Lumen\\Application->callActionOnArrayBasedRoute(Array)
#12 D:\\server\\htdocs\\matrimonial\\vendor\\laravel\\lumen-framework\\src\\Concerns\\RoutesRequests.php(169): Laravel\\Lumen\\Application->handleFoundRoute(Array)
#13 D:\\server\\htdocs\\matrimonial\\vendor\\laravel\\lumen-framework\\src\\Routing\\Pipeline.php(48): Laravel\\Lumen\\Application->Laravel\\Lumen\\Concerns\\{closure}(Object(Laravel\\Lumen\\Http\\Request))
#14 D:\\server\\htdocs\\matrimonial\\app\\Http\\Middleware\\CorsMiddleware.php(28): Laravel\\Lumen\\Routing\\Pipeline->Laravel\\Lumen\\Routing\\{closure}(Object(Laravel\\Lumen\\Http\\Request))
#15 D:\\server\\htdocs\\matrimonial\\vendor\\illuminate\\pipeline\\Pipeline.php(167): App\\Http\\Middleware\\CorsMiddleware->handle(Object(Laravel\\Lumen\\Http\\Request), Object(Closure))
#16 D:\\server\\htdocs\\matrimonial\\vendor\\laravel\\lumen-framework\\src\\Routing\\Pipeline.php(30): Illuminate\\Pipeline\\Pipeline->Illuminate\\Pipeline\\{closure}(Object(Laravel\\Lumen\\Http\\Request))
#17 D:\\server\\htdocs\\matrimonial\\app\\Http\\Middleware\\ExampleMiddleware.php(18): Laravel\\Lumen\\Routing\\Pipeline->Laravel\\Lumen\\Routing\\{closure}(Object(Laravel\\Lumen\\Http\\Request))
#18 D:\\server\\htdocs\\matrimonial\\vendor\\illuminate\\pipeline\\Pipeline.php(167): App\\Http\\Middleware\\ExampleMiddleware->handle(Object(Laravel\\Lumen\\Http\\Request), Object(Closure))
#19 D:\\server\\htdocs\\matrimonial\\vendor\\laravel\\lumen-framework\\src\\Routing\\Pipeline.php(30): Illuminate\\Pipeline\\Pipeline->Illuminate\\Pipeline\\{closure}(Object(Laravel\\Lumen\\Http\\Request))
#20 D:\\server\\htdocs\\matrimonial\\vendor\\illuminate\\pipeline\\Pipeline.php(103): Laravel\\Lumen\\Routing\\Pipeline->Laravel\\Lumen\\Routing\\{closure}(Object(Laravel\\Lumen\\Http\\Request))
#21 D:\\server\\htdocs\\matrimonial\\vendor\\laravel\\lumen-framework\\src\\Concerns\\RoutesRequests.php(426): Illuminate\\Pipeline\\Pipeline->then(Object(Closure))
#22 D:\\server\\htdocs\\matrimonial\\vendor\\laravel\\lumen-framework\\src\\Concerns\\RoutesRequests.php(165): Laravel\\Lumen\\Application->sendThroughPipeline(Array, Object(Closure))
#23 D:\\server\\htdocs\\matrimonial\\vendor\\laravel\\lumen-framework\\src\\Concerns\\RoutesRequests.php(112): Laravel\\Lumen\\Application->dispatch(NULL)
#24 D:\\server\\htdocs\\matrimonial\\public\\index.php(28): Laravel\\Lumen\\Application->run()
#25 {main}
"} 
