[2023-06-07 03:42:59] local.ERROR: SQLSTATE[42000]: Syntax error or access violation: 1064 You have an error in your SQL syntax; check the manual that corresponds to your MariaDB server version for the right syntax to use near 'from `user_info`' at line 1 (SQL: select  from `user_info`) {"exception":"[object] (Illuminate\\Database\\QueryException(code: 42000): SQLSTATE[42000]: Syntax error or access violation: 1064 You have an error in your SQL syntax; check the manual that corresponds to your MariaDB server version for the right syntax to use near 'from `user_info`' at line 1 (SQL: select  from `user_info`) at D:\\server\\htdocs\\matrimonial\\vendor\\illuminate\\database\\Connection.php:712)
[stacktrace]
#0 D:\\server\\htdocs\\matrimonial\\vendor\\illuminate\\database\\Connection.php(672): Illuminate\\Database\\Connection->runQueryCallback('select  from `u...', Array, Object(Closure))
#1 D:\\server\\htdocs\\matrimonial\\vendor\\illuminate\\database\\Connection.php(359): Illuminate\\Database\\Connection->run('select  from `u...', Array, Object(Closure))
#2 D:\\server\\htdocs\\matrimonial\\vendor\\illuminate\\database\\Query\\Builder.php(2413): Illuminate\\Database\\Connection->select('select  from `u...', Array, true)
#3 D:\\server\\htdocs\\matrimonial\\vendor\\illuminate\\database\\Query\\Builder.php(2402): Illuminate\\Database\\Query\\Builder->runSelect()
#4 D:\\server\\htdocs\\matrimonial\\vendor\\illuminate\\database\\Query\\Builder.php(2936): Illuminate\\Database\\Query\\Builder->Illuminate\\Database\\Query\\{closure}()
#5 D:\\server\\htdocs\\matrimonial\\vendor\\illuminate\\database\\Query\\Builder.php(2401): Illuminate\\Database\\Query\\Builder->onceWithColumns(Array, Object(Closure))
#6 D:\\server\\htdocs\\matrimonial\\app\\Http\\Controllers\\dynamic_Crud_controller.php(35): Illuminate\\Database\\Query\\Builder->get(Array)
#7 D:\\server\\htdocs\\matrimonial\\vendor\\illuminate\\container\\BoundMethod.php(36): App\\Http\\Controllers\\dynamic_Crud_controller->fetch()
#8 D:\\server\\htdocs\\matrimonial\\vendor\\illuminate\\container\\Util.php(40): Illuminate\\Container\\BoundMethod::Illuminate\\Container\\{closure}()
#9 D:\\server\\htdocs\\matrimonial\\vendor\\illuminate\\container\\BoundMethod.php(93): Illuminate\\Container\\Util::unwrapIfClosure(Object(Closure))
#10 D:\\server\\htdocs\\matrimonial\\vendor\\illuminate\\container\\BoundMethod.php(35): Illuminate\\Container\\BoundMethod::callBoundMethod(Object(Laravel\\Lumen\\Application), Array, Object(Closure))
#11 D:\\server\\htdocs\\matrimonial\\vendor\\illuminate\\container\\Container.php(653): Illuminate\\Container\\BoundMethod::call(Object(Laravel\\Lumen\\Application), Array, Array, NULL)
#12 D:\\server\\htdocs\\matrimonial\\vendor\\laravel\\lumen-framework\\src\\Concerns\\RoutesRequests.php(389): Illuminate\\Container\\Container->call(Array, Array)
#13 D:\\server\\htdocs\\matrimonial\\vendor\\laravel\\lumen-framework\\src\\Concerns\\RoutesRequests.php(354): Laravel\\Lumen\\Application->callControllerCallable(Array, Array)
#14 D:\\server\\htdocs\\matrimonial\\vendor\\laravel\\lumen-framework\\src\\Concerns\\RoutesRequests.php(329): Laravel\\Lumen\\Application->callLumenController(Object(App\\Http\\Controllers\\dynamic_Crud_controller), 'fetch', Array)
#15 D:\\server\\htdocs\\matrimonial\\vendor\\laravel\\lumen-framework\\src\\Concerns\\RoutesRequests.php(282): Laravel\\Lumen\\Application->callControllerAction(Array)
#16 D:\\server\\htdocs\\matrimonial\\vendor\\laravel\\lumen-framework\\src\\Concerns\\RoutesRequests.php(267): Laravel\\Lumen\\Application->callActionOnArrayBasedRoute(Array)
#17 D:\\server\\htdocs\\matrimonial\\vendor\\laravel\\lumen-framework\\src\\Concerns\\RoutesRequests.php(169): Laravel\\Lumen\\Application->handleFoundRoute(Array)
#18 D:\\server\\htdocs\\matrimonial\\vendor\\laravel\\lumen-framework\\src\\Routing\\Pipeline.php(48): Laravel\\Lumen\\Application->Laravel\\Lumen\\Concerns\\{closure}(Object(Laravel\\Lumen\\Http\\Request))
#19 D:\\server\\htdocs\\matrimonial\\app\\Http\\Middleware\\CorsMiddleware.php(28): Laravel\\Lumen\\Routing\\Pipeline->Laravel\\Lumen\\Routing\\{closure}(Object(Laravel\\Lumen\\Http\\Request))
#20 D:\\server\\htdocs\\matrimonial\\vendor\\illuminate\\pipeline\\Pipeline.php(167): App\\Http\\Middleware\\CorsMiddleware->handle(Object(Laravel\\Lumen\\Http\\Request), Object(Closure))
#21 D:\\server\\htdocs\\matrimonial\\vendor\\laravel\\lumen-framework\\src\\Routing\\Pipeline.php(30): Illuminate\\Pipeline\\Pipeline->Illuminate\\Pipeline\\{closure}(Object(Laravel\\Lumen\\Http\\Request))
#22 D:\\server\\htdocs\\matrimonial\\app\\Http\\Middleware\\ExampleMiddleware.php(18): Laravel\\Lumen\\Routing\\Pipeline->Laravel\\Lumen\\Routing\\{closure}(Object(Laravel\\Lumen\\Http\\Request))
#23 D:\\server\\htdocs\\matrimonial\\vendor\\illuminate\\pipeline\\Pipeline.php(167): App\\Http\\Middleware\\ExampleMiddleware->handle(Object(Laravel\\Lumen\\Http\\Request), Object(Closure))
#24 D:\\server\\htdocs\\matrimonial\\vendor\\laravel\\lumen-framework\\src\\Routing\\Pipeline.php(30): Illuminate\\Pipeline\\Pipeline->Illuminate\\Pipeline\\{closure}(Object(Laravel\\Lumen\\Http\\Request))
#25 D:\\server\\htdocs\\matrimonial\\vendor\\illuminate\\pipeline\\Pipeline.php(103): Laravel\\Lumen\\Routing\\Pipeline->Laravel\\Lumen\\Routing\\{closure}(Object(Laravel\\Lumen\\Http\\Request))
#26 D:\\server\\htdocs\\matrimonial\\vendor\\laravel\\lumen-framework\\src\\Concerns\\RoutesRequests.php(426): Illuminate\\Pipeline\\Pipeline->then(Object(Closure))
#27 D:\\server\\htdocs\\matrimonial\\vendor\\laravel\\lumen-framework\\src\\Concerns\\RoutesRequests.php(165): Laravel\\Lumen\\Application->sendThroughPipeline(Array, Object(Closure))
#28 D:\\server\\htdocs\\matrimonial\\vendor\\laravel\\lumen-framework\\src\\Concerns\\RoutesRequests.php(112): Laravel\\Lumen\\Application->dispatch(NULL)
#29 D:\\server\\htdocs\\matrimonial\\public\\index.php(28): Laravel\\Lumen\\Application->run()
#30 {main}

[previous exception] [object] (PDOException(code: 42000): SQLSTATE[42000]: Syntax error or access violation: 1064 You have an error in your SQL syntax; check the manual that corresponds to your MariaDB server version for the right syntax to use near 'from `user_info`' at line 1 at D:\\server\\htdocs\\matrimonial\\vendor\\illuminate\\database\\Connection.php:368)
[stacktrace]
#0 D:\\server\\htdocs\\matrimonial\\vendor\\illuminate\\database\\Connection.php(368): PDO->prepare('select  from `u...')
#1 D:\\server\\htdocs\\matrimonial\\vendor\\illuminate\\database\\Connection.php(705): Illuminate\\Database\\Connection->Illuminate\\Database\\{closure}('select  from `u...', Array)
#2 D:\\server\\htdocs\\matrimonial\\vendor\\illuminate\\database\\Connection.php(672): Illuminate\\Database\\Connection->runQueryCallback('select  from `u...', Array, Object(Closure))
#3 D:\\server\\htdocs\\matrimonial\\vendor\\illuminate\\database\\Connection.php(359): Illuminate\\Database\\Connection->run('select  from `u...', Array, Object(Closure))
#4 D:\\server\\htdocs\\matrimonial\\vendor\\illuminate\\database\\Query\\Builder.php(2413): Illuminate\\Database\\Connection->select('select  from `u...', Array, true)
#5 D:\\server\\htdocs\\matrimonial\\vendor\\illuminate\\database\\Query\\Builder.php(2402): Illuminate\\Database\\Query\\Builder->runSelect()
#6 D:\\server\\htdocs\\matrimonial\\vendor\\illuminate\\database\\Query\\Builder.php(2936): Illuminate\\Database\\Query\\Builder->Illuminate\\Database\\Query\\{closure}()
#7 D:\\server\\htdocs\\matrimonial\\vendor\\illuminate\\database\\Query\\Builder.php(2401): Illuminate\\Database\\Query\\Builder->onceWithColumns(Array, Object(Closure))
#8 D:\\server\\htdocs\\matrimonial\\app\\Http\\Controllers\\dynamic_Crud_controller.php(35): Illuminate\\Database\\Query\\Builder->get(Array)
#9 D:\\server\\htdocs\\matrimonial\\vendor\\illuminate\\container\\BoundMethod.php(36): App\\Http\\Controllers\\dynamic_Crud_controller->fetch()
#10 D:\\server\\htdocs\\matrimonial\\vendor\\illuminate\\container\\Util.php(40): Illuminate\\Container\\BoundMethod::Illuminate\\Container\\{closure}()
#11 D:\\server\\htdocs\\matrimonial\\vendor\\illuminate\\container\\BoundMethod.php(93): Illuminate\\Container\\Util::unwrapIfClosure(Object(Closure))
#12 D:\\server\\htdocs\\matrimonial\\vendor\\illuminate\\container\\BoundMethod.php(35): Illuminate\\Container\\BoundMethod::callBoundMethod(Object(Laravel\\Lumen\\Application), Array, Object(Closure))
#13 D:\\server\\htdocs\\matrimonial\\vendor\\illuminate\\container\\Container.php(653): Illuminate\\Container\\BoundMethod::call(Object(Laravel\\Lumen\\Application), Array, Array, NULL)
#14 D:\\server\\htdocs\\matrimonial\\vendor\\laravel\\lumen-framework\\src\\Concerns\\RoutesRequests.php(389): Illuminate\\Container\\Container->call(Array, Array)
#15 D:\\server\\htdocs\\matrimonial\\vendor\\laravel\\lumen-framework\\src\\Concerns\\RoutesRequests.php(354): Laravel\\Lumen\\Application->callControllerCallable(Array, Array)
#16 D:\\server\\htdocs\\matrimonial\\vendor\\laravel\\lumen-framework\\src\\Concerns\\RoutesRequests.php(329): Laravel\\Lumen\\Application->callLumenController(Object(App\\Http\\Controllers\\dynamic_Crud_controller), 'fetch', Array)
#17 D:\\server\\htdocs\\matrimonial\\vendor\\laravel\\lumen-framework\\src\\Concerns\\RoutesRequests.php(282): Laravel\\Lumen\\Application->callControllerAction(Array)
#18 D:\\server\\htdocs\\matrimonial\\vendor\\laravel\\lumen-framework\\src\\Concerns\\RoutesRequests.php(267): Laravel\\Lumen\\Application->callActionOnArrayBasedRoute(Array)
#19 D:\\server\\htdocs\\matrimonial\\vendor\\laravel\\lumen-framework\\src\\Concerns\\RoutesRequests.php(169): Laravel\\Lumen\\Application->handleFoundRoute(Array)
#20 D:\\server\\htdocs\\matrimonial\\vendor\\laravel\\lumen-framework\\src\\Routing\\Pipeline.php(48): Laravel\\Lumen\\Application->Laravel\\Lumen\\Concerns\\{closure}(Object(Laravel\\Lumen\\Http\\Request))
#21 D:\\server\\htdocs\\matrimonial\\app\\Http\\Middleware\\CorsMiddleware.php(28): Laravel\\Lumen\\Routing\\Pipeline->Laravel\\Lumen\\Routing\\{closure}(Object(Laravel\\Lumen\\Http\\Request))
#22 D:\\server\\htdocs\\matrimonial\\vendor\\illuminate\\pipeline\\Pipeline.php(167): App\\Http\\Middleware\\CorsMiddleware->handle(Object(Laravel\\Lumen\\Http\\Request), Object(Closure))
#23 D:\\server\\htdocs\\matrimonial\\vendor\\laravel\\lumen-framework\\src\\Routing\\Pipeline.php(30): Illuminate\\Pipeline\\Pipeline->Illuminate\\Pipeline\\{closure}(Object(Laravel\\Lumen\\Http\\Request))
#24 D:\\server\\htdocs\\matrimonial\\app\\Http\\Middleware\\ExampleMiddleware.php(18): Laravel\\Lumen\\Routing\\Pipeline->Laravel\\Lumen\\Routing\\{closure}(Object(Laravel\\Lumen\\Http\\Request))
#25 D:\\server\\htdocs\\matrimonial\\vendor\\illuminate\\pipeline\\Pipeline.php(167): App\\Http\\Middleware\\ExampleMiddleware->handle(Object(Laravel\\Lumen\\Http\\Request), Object(Closure))
#26 D:\\server\\htdocs\\matrimonial\\vendor\\laravel\\lumen-framework\\src\\Routing\\Pipeline.php(30): Illuminate\\Pipeline\\Pipeline->Illuminate\\Pipeline\\{closure}(Object(Laravel\\Lumen\\Http\\Request))
#27 D:\\server\\htdocs\\matrimonial\\vendor\\illuminate\\pipeline\\Pipeline.php(103): Laravel\\Lumen\\Routing\\Pipeline->Laravel\\Lumen\\Routing\\{closure}(Object(Laravel\\Lumen\\Http\\Request))
#28 D:\\server\\htdocs\\matrimonial\\vendor\\laravel\\lumen-framework\\src\\Concerns\\RoutesRequests.php(426): Illuminate\\Pipeline\\Pipeline->then(Object(Closure))
#29 D:\\server\\htdocs\\matrimonial\\vendor\\laravel\\lumen-framework\\src\\Concerns\\RoutesRequests.php(165): Laravel\\Lumen\\Application->sendThroughPipeline(Array, Object(Closure))
#30 D:\\server\\htdocs\\matrimonial\\vendor\\laravel\\lumen-framework\\src\\Concerns\\RoutesRequests.php(112): Laravel\\Lumen\\Application->dispatch(NULL)
#31 D:\\server\\htdocs\\matrimonial\\public\\index.php(28): Laravel\\Lumen\\Application->run()
#32 {main}
"} 
[2023-06-07 03:43:15] local.ERROR: SQLSTATE[42000]: Syntax error or access violation: 1064 You have an error in your SQL syntax; check the manual that corresponds to your MariaDB server version for the right syntax to use near 'from `user_info`' at line 1 (SQL: select  from `user_info`) {"exception":"[object] (Illuminate\\Database\\QueryException(code: 42000): SQLSTATE[42000]: Syntax error or access violation: 1064 You have an error in your SQL syntax; check the manual that corresponds to your MariaDB server version for the right syntax to use near 'from `user_info`' at line 1 (SQL: select  from `user_info`) at D:\\server\\htdocs\\matrimonial\\vendor\\illuminate\\database\\Connection.php:712)
[stacktrace]
#0 D:\\server\\htdocs\\matrimonial\\vendor\\illuminate\\database\\Connection.php(672): Illuminate\\Database\\Connection->runQueryCallback('select  from `u...', Array, Object(Closure))
#1 D:\\server\\htdocs\\matrimonial\\vendor\\illuminate\\database\\Connection.php(359): Illuminate\\Database\\Connection->run('select  from `u...', Array, Object(Closure))
#2 D:\\server\\htdocs\\matrimonial\\vendor\\illuminate\\database\\Query\\Builder.php(2413): Illuminate\\Database\\Connection->select('select  from `u...', Array, true)
#3 D:\\server\\htdocs\\matrimonial\\vendor\\illuminate\\database\\Query\\Builder.php(2402): Illuminate\\Database\\Query\\Builder->runSelect()
#4 D:\\server\\htdocs\\matrimonial\\vendor\\illuminate\\database\\Query\\Builder.php(2936): Illuminate\\Database\\Query\\Builder->Illuminate\\Database\\Query\\{closure}()
#5 D:\\server\\htdocs\\matrimonial\\vendor\\illuminate\\database\\Query\\Builder.php(2401): Illuminate\\Database\\Query\\Builder->onceWithColumns(Array, Object(Closure))
#6 D:\\server\\htdocs\\matrimonial\\app\\Http\\Controllers\\dynamic_Crud_controller.php(35): Illuminate\\Database\\Query\\Builder->get(Array)
#7 D:\\server\\htdocs\\matrimonial\\vendor\\illuminate\\container\\BoundMethod.php(36): App\\Http\\Controllers\\dynamic_Crud_controller->fetch()
#8 D:\\server\\htdocs\\matrimonial\\vendor\\illuminate\\container\\Util.php(40): Illuminate\\Container\\BoundMethod::Illuminate\\Container\\{closure}()
#9 D:\\server\\htdocs\\matrimonial\\vendor\\illuminate\\container\\BoundMethod.php(93): Illuminate\\Container\\Util::unwrapIfClosure(Object(Closure))
#10 D:\\server\\htdocs\\matrimonial\\vendor\\illuminate\\container\\BoundMethod.php(35): Illuminate\\Container\\BoundMethod::callBoundMethod(Object(Laravel\\Lumen\\Application), Array, Object(Closure))
#11 D:\\server\\htdocs\\matrimonial\\vendor\\illuminate\\container\\Container.php(653): Illuminate\\Container\\BoundMethod::call(Object(Laravel\\Lumen\\Application), Array, Array, NULL)
#12 D:\\server\\htdocs\\matrimonial\\vendor\\laravel\\lumen-framework\\src\\Concerns\\RoutesRequests.php(389): Illuminate\\Container\\Container->call(Array, Array)
#13 D:\\server\\htdocs\\matrimonial\\vendor\\laravel\\lumen-framework\\src\\Concerns\\RoutesRequests.php(354): Laravel\\Lumen\\Application->callControllerCallable(Array, Array)
#14 D:\\server\\htdocs\\matrimonial\\vendor\\laravel\\lumen-framework\\src\\Concerns\\RoutesRequests.php(329): Laravel\\Lumen\\Application->callLumenController(Object(App\\Http\\Controllers\\dynamic_Crud_controller), 'fetch', Array)
#15 D:\\server\\htdocs\\matrimonial\\vendor\\laravel\\lumen-framework\\src\\Concerns\\RoutesRequests.php(282): Laravel\\Lumen\\Application->callControllerAction(Array)
#16 D:\\server\\htdocs\\matrimonial\\vendor\\laravel\\lumen-framework\\src\\Concerns\\RoutesRequests.php(267): Laravel\\Lumen\\Application->callActionOnArrayBasedRoute(Array)
#17 D:\\server\\htdocs\\matrimonial\\vendor\\laravel\\lumen-framework\\src\\Concerns\\RoutesRequests.php(169): Laravel\\Lumen\\Application->handleFoundRoute(Array)
#18 D:\\server\\htdocs\\matrimonial\\vendor\\laravel\\lumen-framework\\src\\Routing\\Pipeline.php(48): Laravel\\Lumen\\Application->Laravel\\Lumen\\Concerns\\{closure}(Object(Laravel\\Lumen\\Http\\Request))
#19 D:\\server\\htdocs\\matrimonial\\app\\Http\\Middleware\\CorsMiddleware.php(28): Laravel\\Lumen\\Routing\\Pipeline->Laravel\\Lumen\\Routing\\{closure}(Object(Laravel\\Lumen\\Http\\Request))
#20 D:\\server\\htdocs\\matrimonial\\vendor\\illuminate\\pipeline\\Pipeline.php(167): App\\Http\\Middleware\\CorsMiddleware->handle(Object(Laravel\\Lumen\\Http\\Request), Object(Closure))
#21 D:\\server\\htdocs\\matrimonial\\vendor\\laravel\\lumen-framework\\src\\Routing\\Pipeline.php(30): Illuminate\\Pipeline\\Pipeline->Illuminate\\Pipeline\\{closure}(Object(Laravel\\Lumen\\Http\\Request))
#22 D:\\server\\htdocs\\matrimonial\\app\\Http\\Middleware\\ExampleMiddleware.php(18): Laravel\\Lumen\\Routing\\Pipeline->Laravel\\Lumen\\Routing\\{closure}(Object(Laravel\\Lumen\\Http\\Request))
#23 D:\\server\\htdocs\\matrimonial\\vendor\\illuminate\\pipeline\\Pipeline.php(167): App\\Http\\Middleware\\ExampleMiddleware->handle(Object(Laravel\\Lumen\\Http\\Request), Object(Closure))
#24 D:\\server\\htdocs\\matrimonial\\vendor\\laravel\\lumen-framework\\src\\Routing\\Pipeline.php(30): Illuminate\\Pipeline\\Pipeline->Illuminate\\Pipeline\\{closure}(Object(Laravel\\Lumen\\Http\\Request))
#25 D:\\server\\htdocs\\matrimonial\\vendor\\illuminate\\pipeline\\Pipeline.php(103): Laravel\\Lumen\\Routing\\Pipeline->Laravel\\Lumen\\Routing\\{closure}(Object(Laravel\\Lumen\\Http\\Request))
#26 D:\\server\\htdocs\\matrimonial\\vendor\\laravel\\lumen-framework\\src\\Concerns\\RoutesRequests.php(426): Illuminate\\Pipeline\\Pipeline->then(Object(Closure))
#27 D:\\server\\htdocs\\matrimonial\\vendor\\laravel\\lumen-framework\\src\\Concerns\\RoutesRequests.php(165): Laravel\\Lumen\\Application->sendThroughPipeline(Array, Object(Closure))
#28 D:\\server\\htdocs\\matrimonial\\vendor\\laravel\\lumen-framework\\src\\Concerns\\RoutesRequests.php(112): Laravel\\Lumen\\Application->dispatch(NULL)
#29 D:\\server\\htdocs\\matrimonial\\public\\index.php(28): Laravel\\Lumen\\Application->run()
#30 {main}

[previous exception] [object] (PDOException(code: 42000): SQLSTATE[42000]: Syntax error or access violation: 1064 You have an error in your SQL syntax; check the manual that corresponds to your MariaDB server version for the right syntax to use near 'from `user_info`' at line 1 at D:\\server\\htdocs\\matrimonial\\vendor\\illuminate\\database\\Connection.php:368)
[stacktrace]
#0 D:\\server\\htdocs\\matrimonial\\vendor\\illuminate\\database\\Connection.php(368): PDO->prepare('select  from `u...')
#1 D:\\server\\htdocs\\matrimonial\\vendor\\illuminate\\database\\Connection.php(705): Illuminate\\Database\\Connection->Illuminate\\Database\\{closure}('select  from `u...', Array)
#2 D:\\server\\htdocs\\matrimonial\\vendor\\illuminate\\database\\Connection.php(672): Illuminate\\Database\\Connection->runQueryCallback('select  from `u...', Array, Object(Closure))
#3 D:\\server\\htdocs\\matrimonial\\vendor\\illuminate\\database\\Connection.php(359): Illuminate\\Database\\Connection->run('select  from `u...', Array, Object(Closure))
#4 D:\\server\\htdocs\\matrimonial\\vendor\\illuminate\\database\\Query\\Builder.php(2413): Illuminate\\Database\\Connection->select('select  from `u...', Array, true)
#5 D:\\server\\htdocs\\matrimonial\\vendor\\illuminate\\database\\Query\\Builder.php(2402): Illuminate\\Database\\Query\\Builder->runSelect()
#6 D:\\server\\htdocs\\matrimonial\\vendor\\illuminate\\database\\Query\\Builder.php(2936): Illuminate\\Database\\Query\\Builder->Illuminate\\Database\\Query\\{closure}()
#7 D:\\server\\htdocs\\matrimonial\\vendor\\illuminate\\database\\Query\\Builder.php(2401): Illuminate\\Database\\Query\\Builder->onceWithColumns(Array, Object(Closure))
#8 D:\\server\\htdocs\\matrimonial\\app\\Http\\Controllers\\dynamic_Crud_controller.php(35): Illuminate\\Database\\Query\\Builder->get(Array)
#9 D:\\server\\htdocs\\matrimonial\\vendor\\illuminate\\container\\BoundMethod.php(36): App\\Http\\Controllers\\dynamic_Crud_controller->fetch()
#10 D:\\server\\htdocs\\matrimonial\\vendor\\illuminate\\container\\Util.php(40): Illuminate\\Container\\BoundMethod::Illuminate\\Container\\{closure}()
#11 D:\\server\\htdocs\\matrimonial\\vendor\\illuminate\\container\\BoundMethod.php(93): Illuminate\\Container\\Util::unwrapIfClosure(Object(Closure))
#12 D:\\server\\htdocs\\matrimonial\\vendor\\illuminate\\container\\BoundMethod.php(35): Illuminate\\Container\\BoundMethod::callBoundMethod(Object(Laravel\\Lumen\\Application), Array, Object(Closure))
#13 D:\\server\\htdocs\\matrimonial\\vendor\\illuminate\\container\\Container.php(653): Illuminate\\Container\\BoundMethod::call(Object(Laravel\\Lumen\\Application), Array, Array, NULL)
#14 D:\\server\\htdocs\\matrimonial\\vendor\\laravel\\lumen-framework\\src\\Concerns\\RoutesRequests.php(389): Illuminate\\Container\\Container->call(Array, Array)
#15 D:\\server\\htdocs\\matrimonial\\vendor\\laravel\\lumen-framework\\src\\Concerns\\RoutesRequests.php(354): Laravel\\Lumen\\Application->callControllerCallable(Array, Array)
#16 D:\\server\\htdocs\\matrimonial\\vendor\\laravel\\lumen-framework\\src\\Concerns\\RoutesRequests.php(329): Laravel\\Lumen\\Application->callLumenController(Object(App\\Http\\Controllers\\dynamic_Crud_controller), 'fetch', Array)
#17 D:\\server\\htdocs\\matrimonial\\vendor\\laravel\\lumen-framework\\src\\Concerns\\RoutesRequests.php(282): Laravel\\Lumen\\Application->callControllerAction(Array)
#18 D:\\server\\htdocs\\matrimonial\\vendor\\laravel\\lumen-framework\\src\\Concerns\\RoutesRequests.php(267): Laravel\\Lumen\\Application->callActionOnArrayBasedRoute(Array)
#19 D:\\server\\htdocs\\matrimonial\\vendor\\laravel\\lumen-framework\\src\\Concerns\\RoutesRequests.php(169): Laravel\\Lumen\\Application->handleFoundRoute(Array)
#20 D:\\server\\htdocs\\matrimonial\\vendor\\laravel\\lumen-framework\\src\\Routing\\Pipeline.php(48): Laravel\\Lumen\\Application->Laravel\\Lumen\\Concerns\\{closure}(Object(Laravel\\Lumen\\Http\\Request))
#21 D:\\server\\htdocs\\matrimonial\\app\\Http\\Middleware\\CorsMiddleware.php(28): Laravel\\Lumen\\Routing\\Pipeline->Laravel\\Lumen\\Routing\\{closure}(Object(Laravel\\Lumen\\Http\\Request))
#22 D:\\server\\htdocs\\matrimonial\\vendor\\illuminate\\pipeline\\Pipeline.php(167): App\\Http\\Middleware\\CorsMiddleware->handle(Object(Laravel\\Lumen\\Http\\Request), Object(Closure))
#23 D:\\server\\htdocs\\matrimonial\\vendor\\laravel\\lumen-framework\\src\\Routing\\Pipeline.php(30): Illuminate\\Pipeline\\Pipeline->Illuminate\\Pipeline\\{closure}(Object(Laravel\\Lumen\\Http\\Request))
#24 D:\\server\\htdocs\\matrimonial\\app\\Http\\Middleware\\ExampleMiddleware.php(18): Laravel\\Lumen\\Routing\\Pipeline->Laravel\\Lumen\\Routing\\{closure}(Object(Laravel\\Lumen\\Http\\Request))
#25 D:\\server\\htdocs\\matrimonial\\vendor\\illuminate\\pipeline\\Pipeline.php(167): App\\Http\\Middleware\\ExampleMiddleware->handle(Object(Laravel\\Lumen\\Http\\Request), Object(Closure))
#26 D:\\server\\htdocs\\matrimonial\\vendor\\laravel\\lumen-framework\\src\\Routing\\Pipeline.php(30): Illuminate\\Pipeline\\Pipeline->Illuminate\\Pipeline\\{closure}(Object(Laravel\\Lumen\\Http\\Request))
#27 D:\\server\\htdocs\\matrimonial\\vendor\\illuminate\\pipeline\\Pipeline.php(103): Laravel\\Lumen\\Routing\\Pipeline->Laravel\\Lumen\\Routing\\{closure}(Object(Laravel\\Lumen\\Http\\Request))
#28 D:\\server\\htdocs\\matrimonial\\vendor\\laravel\\lumen-framework\\src\\Concerns\\RoutesRequests.php(426): Illuminate\\Pipeline\\Pipeline->then(Object(Closure))
#29 D:\\server\\htdocs\\matrimonial\\vendor\\laravel\\lumen-framework\\src\\Concerns\\RoutesRequests.php(165): Laravel\\Lumen\\Application->sendThroughPipeline(Array, Object(Closure))
#30 D:\\server\\htdocs\\matrimonial\\vendor\\laravel\\lumen-framework\\src\\Concerns\\RoutesRequests.php(112): Laravel\\Lumen\\Application->dispatch(NULL)
#31 D:\\server\\htdocs\\matrimonial\\public\\index.php(28): Laravel\\Lumen\\Application->run()
#32 {main}
"} 
