[2023-06-06 16:52:06] local.ERROR: SQLSTATE[42S22]: Column not found: 1054 Unknown column 'fname' in 'field list' (SQL: update `user_info` set `fname` = Demo, `lname` = emo where `user_id` = PATRABIBAHA6767) {"exception":"[object] (Illuminate\\Database\\QueryException(code: 42S22): SQLSTATE[42S22]: Column not found: 1054 Unknown column 'fname' in 'field list' (SQL: update `user_info` set `fname` = Demo, `lname` = emo where `user_id` = PATRABIBAHA6767) at D:\\server\\htdocs\\matrimonial\\vendor\\illuminate\\database\\Connection.php:712)
[stacktrace]
#0 D:\\server\\htdocs\\matrimonial\\vendor\\illuminate\\database\\Connection.php(672): Illuminate\\Database\\Connection->runQueryCallback('update `user_in...', Array, Object(Closure))
#1 D:\\server\\htdocs\\matrimonial\\vendor\\illuminate\\database\\Connection.php(514): Illuminate\\Database\\Connection->run('update `user_in...', Array, Object(Closure))
#2 D:\\server\\htdocs\\matrimonial\\vendor\\illuminate\\database\\Connection.php(466): Illuminate\\Database\\Connection->affectingStatement('update `user_in...', Array)
#3 D:\\server\\htdocs\\matrimonial\\vendor\\illuminate\\database\\Query\\Builder.php(3062): Illuminate\\Database\\Connection->update('update `user_in...', Array)
#4 D:\\server\\htdocs\\matrimonial\\app\\Http\\Controllers\\userController.php(91): Illuminate\\Database\\Query\\Builder->update(Array)
#5 D:\\server\\htdocs\\matrimonial\\vendor\\illuminate\\container\\BoundMethod.php(36): App\\Http\\Controllers\\userController->addUserDataSecondApi(Object(Laravel\\Lumen\\Http\\Request))
#6 D:\\server\\htdocs\\matrimonial\\vendor\\illuminate\\container\\Util.php(40): Illuminate\\Container\\BoundMethod::Illuminate\\Container\\{closure}()
#7 D:\\server\\htdocs\\matrimonial\\vendor\\illuminate\\container\\BoundMethod.php(93): Illuminate\\Container\\Util::unwrapIfClosure(Object(Closure))
#8 D:\\server\\htdocs\\matrimonial\\vendor\\illuminate\\container\\BoundMethod.php(35): Illuminate\\Container\\BoundMethod::callBoundMethod(Object(Laravel\\Lumen\\Application), Array, Object(Closure))
#9 D:\\server\\htdocs\\matrimonial\\vendor\\illuminate\\container\\Container.php(653): Illuminate\\Container\\BoundMethod::call(Object(Laravel\\Lumen\\Application), Array, Array, NULL)
#10 D:\\server\\htdocs\\matrimonial\\vendor\\laravel\\lumen-framework\\src\\Concerns\\RoutesRequests.php(389): Illuminate\\Container\\Container->call(Array, Array)
#11 D:\\server\\htdocs\\matrimonial\\vendor\\laravel\\lumen-framework\\src\\Concerns\\RoutesRequests.php(354): Laravel\\Lumen\\Application->callControllerCallable(Array, Array)
#12 D:\\server\\htdocs\\matrimonial\\vendor\\laravel\\lumen-framework\\src\\Concerns\\RoutesRequests.php(329): Laravel\\Lumen\\Application->callLumenController(Object(App\\Http\\Controllers\\userController), 'addUserDataSeco...', Array)
#13 D:\\server\\htdocs\\matrimonial\\vendor\\laravel\\lumen-framework\\src\\Concerns\\RoutesRequests.php(282): Laravel\\Lumen\\Application->callControllerAction(Array)
#14 D:\\server\\htdocs\\matrimonial\\vendor\\laravel\\lumen-framework\\src\\Concerns\\RoutesRequests.php(267): Laravel\\Lumen\\Application->callActionOnArrayBasedRoute(Array)
#15 D:\\server\\htdocs\\matrimonial\\vendor\\laravel\\lumen-framework\\src\\Concerns\\RoutesRequests.php(169): Laravel\\Lumen\\Application->handleFoundRoute(Array)
#16 D:\\server\\htdocs\\matrimonial\\vendor\\laravel\\lumen-framework\\src\\Routing\\Pipeline.php(48): Laravel\\Lumen\\Application->Laravel\\Lumen\\Concerns\\{closure}(Object(Laravel\\Lumen\\Http\\Request))
#17 D:\\server\\htdocs\\matrimonial\\app\\Http\\Middleware\\CorsMiddleware.php(28): Laravel\\Lumen\\Routing\\Pipeline->Laravel\\Lumen\\Routing\\{closure}(Object(Laravel\\Lumen\\Http\\Request))
#18 D:\\server\\htdocs\\matrimonial\\vendor\\illuminate\\pipeline\\Pipeline.php(167): App\\Http\\Middleware\\CorsMiddleware->handle(Object(Laravel\\Lumen\\Http\\Request), Object(Closure))
#19 D:\\server\\htdocs\\matrimonial\\vendor\\laravel\\lumen-framework\\src\\Routing\\Pipeline.php(30): Illuminate\\Pipeline\\Pipeline->Illuminate\\Pipeline\\{closure}(Object(Laravel\\Lumen\\Http\\Request))
#20 D:\\server\\htdocs\\matrimonial\\app\\Http\\Middleware\\ExampleMiddleware.php(18): Laravel\\Lumen\\Routing\\Pipeline->Laravel\\Lumen\\Routing\\{closure}(Object(Laravel\\Lumen\\Http\\Request))
#21 D:\\server\\htdocs\\matrimonial\\vendor\\illuminate\\pipeline\\Pipeline.php(167): App\\Http\\Middleware\\ExampleMiddleware->handle(Object(Laravel\\Lumen\\Http\\Request), Object(Closure))
#22 D:\\server\\htdocs\\matrimonial\\vendor\\laravel\\lumen-framework\\src\\Routing\\Pipeline.php(30): Illuminate\\Pipeline\\Pipeline->Illuminate\\Pipeline\\{closure}(Object(Laravel\\Lumen\\Http\\Request))
#23 D:\\server\\htdocs\\matrimonial\\vendor\\illuminate\\pipeline\\Pipeline.php(103): Laravel\\Lumen\\Routing\\Pipeline->Laravel\\Lumen\\Routing\\{closure}(Object(Laravel\\Lumen\\Http\\Request))
#24 D:\\server\\htdocs\\matrimonial\\vendor\\laravel\\lumen-framework\\src\\Concerns\\RoutesRequests.php(426): Illuminate\\Pipeline\\Pipeline->then(Object(Closure))
#25 D:\\server\\htdocs\\matrimonial\\vendor\\laravel\\lumen-framework\\src\\Concerns\\RoutesRequests.php(165): Laravel\\Lumen\\Application->sendThroughPipeline(Array, Object(Closure))
#26 D:\\server\\htdocs\\matrimonial\\vendor\\laravel\\lumen-framework\\src\\Concerns\\RoutesRequests.php(112): Laravel\\Lumen\\Application->dispatch(NULL)
#27 D:\\server\\htdocs\\matrimonial\\public\\index.php(28): Laravel\\Lumen\\Application->run()
#28 {main}

[previous exception] [object] (PDOException(code: 42S22): SQLSTATE[42S22]: Column not found: 1054 Unknown column 'fname' in 'field list' at D:\\server\\htdocs\\matrimonial\\vendor\\illuminate\\database\\Connection.php:522)
[stacktrace]
#0 D:\\server\\htdocs\\matrimonial\\vendor\\illuminate\\database\\Connection.php(522): PDO->prepare('update `user_in...')
#1 D:\\server\\htdocs\\matrimonial\\vendor\\illuminate\\database\\Connection.php(705): Illuminate\\Database\\Connection->Illuminate\\Database\\{closure}('update `user_in...', Array)
#2 D:\\server\\htdocs\\matrimonial\\vendor\\illuminate\\database\\Connection.php(672): Illuminate\\Database\\Connection->runQueryCallback('update `user_in...', Array, Object(Closure))
#3 D:\\server\\htdocs\\matrimonial\\vendor\\illuminate\\database\\Connection.php(514): Illuminate\\Database\\Connection->run('update `user_in...', Array, Object(Closure))
#4 D:\\server\\htdocs\\matrimonial\\vendor\\illuminate\\database\\Connection.php(466): Illuminate\\Database\\Connection->affectingStatement('update `user_in...', Array)
#5 D:\\server\\htdocs\\matrimonial\\vendor\\illuminate\\database\\Query\\Builder.php(3062): Illuminate\\Database\\Connection->update('update `user_in...', Array)
#6 D:\\server\\htdocs\\matrimonial\\app\\Http\\Controllers\\userController.php(91): Illuminate\\Database\\Query\\Builder->update(Array)
#7 D:\\server\\htdocs\\matrimonial\\vendor\\illuminate\\container\\BoundMethod.php(36): App\\Http\\Controllers\\userController->addUserDataSecondApi(Object(Laravel\\Lumen\\Http\\Request))
#8 D:\\server\\htdocs\\matrimonial\\vendor\\illuminate\\container\\Util.php(40): Illuminate\\Container\\BoundMethod::Illuminate\\Container\\{closure}()
#9 D:\\server\\htdocs\\matrimonial\\vendor\\illuminate\\container\\BoundMethod.php(93): Illuminate\\Container\\Util::unwrapIfClosure(Object(Closure))
#10 D:\\server\\htdocs\\matrimonial\\vendor\\illuminate\\container\\BoundMethod.php(35): Illuminate\\Container\\BoundMethod::callBoundMethod(Object(Laravel\\Lumen\\Application), Array, Object(Closure))
#11 D:\\server\\htdocs\\matrimonial\\vendor\\illuminate\\container\\Container.php(653): Illuminate\\Container\\BoundMethod::call(Object(Laravel\\Lumen\\Application), Array, Array, NULL)
#12 D:\\server\\htdocs\\matrimonial\\vendor\\laravel\\lumen-framework\\src\\Concerns\\RoutesRequests.php(389): Illuminate\\Container\\Container->call(Array, Array)
#13 D:\\server\\htdocs\\matrimonial\\vendor\\laravel\\lumen-framework\\src\\Concerns\\RoutesRequests.php(354): Laravel\\Lumen\\Application->callControllerCallable(Array, Array)
#14 D:\\server\\htdocs\\matrimonial\\vendor\\laravel\\lumen-framework\\src\\Concerns\\RoutesRequests.php(329): Laravel\\Lumen\\Application->callLumenController(Object(App\\Http\\Controllers\\userController), 'addUserDataSeco...', Array)
#15 D:\\server\\htdocs\\matrimonial\\vendor\\laravel\\lumen-framework\\src\\Concerns\\RoutesRequests.php(282): Laravel\\Lumen\\Application->callControllerAction(Array)
#16 D:\\server\\htdocs\\matrimonial\\vendor\\laravel\\lumen-framework\\src\\Concerns\\RoutesRequests.php(267): Laravel\\Lumen\\Application->callActionOnArrayBasedRoute(Array)
#17 D:\\server\\htdocs\\matrimonial\\vendor\\laravel\\lumen-framework\\src\\Concerns\\RoutesRequests.php(169): Laravel\\Lumen\\Application->handleFoundRoute(Array)
#18 D:\\server\\htdocs\\matrimonial\\vendor\\laravel\\lumen-framework\\src\\Routing\\Pipeline.php(48): Laravel\\Lumen\\Application->Laravel\\Lumen\\Concerns\\{closure}(Object(Laravel\\Lumen\\Http\\Request))
#19 D:\\server\\htdocs\\matrimonial\\app\\Http\\Middleware\\CorsMiddleware.php(28): Laravel\\Lumen\\Routing\\Pipeline->Laravel\\Lumen\\Routing\\{closure}(Object(Laravel\\Lumen\\Http\\Request))
#20 D:\\server\\htdocs\\matrimonial\\vendor\\illuminate\\pipeline\\Pipeline.php(167): App\\Http\\Middleware\\CorsMiddleware->handle(Object(Laravel\\Lumen\\Http\\Request), Object(Closure))
#21 D:\\server\\htdocs\\matrimonial\\vendor\\laravel\\lumen-framework\\src\\Routing\\Pipeline.php(30): Illuminate\\Pipeline\\Pipeline->Illuminate\\Pipeline\\{closure}(Object(Laravel\\Lumen\\Http\\Request))
#22 D:\\server\\htdocs\\matrimonial\\app\\Http\\Middleware\\ExampleMiddleware.php(18): Laravel\\Lumen\\Routing\\Pipeline->Laravel\\Lumen\\Routing\\{closure}(Object(Laravel\\Lumen\\Http\\Request))
#23 D:\\server\\htdocs\\matrimonial\\vendor\\illuminate\\pipeline\\Pipeline.php(167): App\\Http\\Middleware\\ExampleMiddleware->handle(Object(Laravel\\Lumen\\Http\\Request), Object(Closure))
#24 D:\\server\\htdocs\\matrimonial\\vendor\\laravel\\lumen-framework\\src\\Routing\\Pipeline.php(30): Illuminate\\Pipeline\\Pipeline->Illuminate\\Pipeline\\{closure}(Object(Laravel\\Lumen\\Http\\Request))
#25 D:\\server\\htdocs\\matrimonial\\vendor\\illuminate\\pipeline\\Pipeline.php(103): Laravel\\Lumen\\Routing\\Pipeline->Laravel\\Lumen\\Routing\\{closure}(Object(Laravel\\Lumen\\Http\\Request))
#26 D:\\server\\htdocs\\matrimonial\\vendor\\laravel\\lumen-framework\\src\\Concerns\\RoutesRequests.php(426): Illuminate\\Pipeline\\Pipeline->then(Object(Closure))
#27 D:\\server\\htdocs\\matrimonial\\vendor\\laravel\\lumen-framework\\src\\Concerns\\RoutesRequests.php(165): Laravel\\Lumen\\Application->sendThroughPipeline(Array, Object(Closure))
#28 D:\\server\\htdocs\\matrimonial\\vendor\\laravel\\lumen-framework\\src\\Concerns\\RoutesRequests.php(112): Laravel\\Lumen\\Application->dispatch(NULL)
#29 D:\\server\\htdocs\\matrimonial\\public\\index.php(28): Laravel\\Lumen\\Application->run()
#30 {main}
"} 
[2023-06-06 16:53:45] local.ERROR: SQLSTATE[22007]: Invalid datetime format: 1292 Incorrect date value: '06-06-2023' for column `matrimonial`.`user_info`.`user_dob` at row 1 (SQL: update `user_info` set `user_fname` = Demo, `user_lname` = emo, `user_dob` = 06-06-2023 where `user_id` = PATRABIBAHA6767) {"exception":"[object] (Illuminate\\Database\\QueryException(code: 22007): SQLSTATE[22007]: Invalid datetime format: 1292 Incorrect date value: '06-06-2023' for column `matrimonial`.`user_info`.`user_dob` at row 1 (SQL: update `user_info` set `user_fname` = Demo, `user_lname` = emo, `user_dob` = 06-06-2023 where `user_id` = PATRABIBAHA6767) at D:\\server\\htdocs\\matrimonial\\vendor\\illuminate\\database\\Connection.php:712)
[stacktrace]
#0 D:\\server\\htdocs\\matrimonial\\vendor\\illuminate\\database\\Connection.php(672): Illuminate\\Database\\Connection->runQueryCallback('update `user_in...', Array, Object(Closure))
#1 D:\\server\\htdocs\\matrimonial\\vendor\\illuminate\\database\\Connection.php(514): Illuminate\\Database\\Connection->run('update `user_in...', Array, Object(Closure))
#2 D:\\server\\htdocs\\matrimonial\\vendor\\illuminate\\database\\Connection.php(466): Illuminate\\Database\\Connection->affectingStatement('update `user_in...', Array)
#3 D:\\server\\htdocs\\matrimonial\\vendor\\illuminate\\database\\Query\\Builder.php(3062): Illuminate\\Database\\Connection->update('update `user_in...', Array)
#4 D:\\server\\htdocs\\matrimonial\\app\\Http\\Controllers\\userController.php(91): Illuminate\\Database\\Query\\Builder->update(Array)
#5 D:\\server\\htdocs\\matrimonial\\vendor\\illuminate\\container\\BoundMethod.php(36): App\\Http\\Controllers\\userController->addUserDataSecondApi(Object(Laravel\\Lumen\\Http\\Request))
#6 D:\\server\\htdocs\\matrimonial\\vendor\\illuminate\\container\\Util.php(40): Illuminate\\Container\\BoundMethod::Illuminate\\Container\\{closure}()
#7 D:\\server\\htdocs\\matrimonial\\vendor\\illuminate\\container\\BoundMethod.php(93): Illuminate\\Container\\Util::unwrapIfClosure(Object(Closure))
#8 D:\\server\\htdocs\\matrimonial\\vendor\\illuminate\\container\\BoundMethod.php(35): Illuminate\\Container\\BoundMethod::callBoundMethod(Object(Laravel\\Lumen\\Application), Array, Object(Closure))
#9 D:\\server\\htdocs\\matrimonial\\vendor\\illuminate\\container\\Container.php(653): Illuminate\\Container\\BoundMethod::call(Object(Laravel\\Lumen\\Application), Array, Array, NULL)
#10 D:\\server\\htdocs\\matrimonial\\vendor\\laravel\\lumen-framework\\src\\Concerns\\RoutesRequests.php(389): Illuminate\\Container\\Container->call(Array, Array)
#11 D:\\server\\htdocs\\matrimonial\\vendor\\laravel\\lumen-framework\\src\\Concerns\\RoutesRequests.php(354): Laravel\\Lumen\\Application->callControllerCallable(Array, Array)
#12 D:\\server\\htdocs\\matrimonial\\vendor\\laravel\\lumen-framework\\src\\Concerns\\RoutesRequests.php(329): Laravel\\Lumen\\Application->callLumenController(Object(App\\Http\\Controllers\\userController), 'addUserDataSeco...', Array)
#13 D:\\server\\htdocs\\matrimonial\\vendor\\laravel\\lumen-framework\\src\\Concerns\\RoutesRequests.php(282): Laravel\\Lumen\\Application->callControllerAction(Array)
#14 D:\\server\\htdocs\\matrimonial\\vendor\\laravel\\lumen-framework\\src\\Concerns\\RoutesRequests.php(267): Laravel\\Lumen\\Application->callActionOnArrayBasedRoute(Array)
#15 D:\\server\\htdocs\\matrimonial\\vendor\\laravel\\lumen-framework\\src\\Concerns\\RoutesRequests.php(169): Laravel\\Lumen\\Application->handleFoundRoute(Array)
#16 D:\\server\\htdocs\\matrimonial\\vendor\\laravel\\lumen-framework\\src\\Routing\\Pipeline.php(48): Laravel\\Lumen\\Application->Laravel\\Lumen\\Concerns\\{closure}(Object(Laravel\\Lumen\\Http\\Request))
#17 D:\\server\\htdocs\\matrimonial\\app\\Http\\Middleware\\CorsMiddleware.php(28): Laravel\\Lumen\\Routing\\Pipeline->Laravel\\Lumen\\Routing\\{closure}(Object(Laravel\\Lumen\\Http\\Request))
#18 D:\\server\\htdocs\\matrimonial\\vendor\\illuminate\\pipeline\\Pipeline.php(167): App\\Http\\Middleware\\CorsMiddleware->handle(Object(Laravel\\Lumen\\Http\\Request), Object(Closure))
#19 D:\\server\\htdocs\\matrimonial\\vendor\\laravel\\lumen-framework\\src\\Routing\\Pipeline.php(30): Illuminate\\Pipeline\\Pipeline->Illuminate\\Pipeline\\{closure}(Object(Laravel\\Lumen\\Http\\Request))
#20 D:\\server\\htdocs\\matrimonial\\app\\Http\\Middleware\\ExampleMiddleware.php(18): Laravel\\Lumen\\Routing\\Pipeline->Laravel\\Lumen\\Routing\\{closure}(Object(Laravel\\Lumen\\Http\\Request))
#21 D:\\server\\htdocs\\matrimonial\\vendor\\illuminate\\pipeline\\Pipeline.php(167): App\\Http\\Middleware\\ExampleMiddleware->handle(Object(Laravel\\Lumen\\Http\\Request), Object(Closure))
#22 D:\\server\\htdocs\\matrimonial\\vendor\\laravel\\lumen-framework\\src\\Routing\\Pipeline.php(30): Illuminate\\Pipeline\\Pipeline->Illuminate\\Pipeline\\{closure}(Object(Laravel\\Lumen\\Http\\Request))
#23 D:\\server\\htdocs\\matrimonial\\vendor\\illuminate\\pipeline\\Pipeline.php(103): Laravel\\Lumen\\Routing\\Pipeline->Laravel\\Lumen\\Routing\\{closure}(Object(Laravel\\Lumen\\Http\\Request))
#24 D:\\server\\htdocs\\matrimonial\\vendor\\laravel\\lumen-framework\\src\\Concerns\\RoutesRequests.php(426): Illuminate\\Pipeline\\Pipeline->then(Object(Closure))
#25 D:\\server\\htdocs\\matrimonial\\vendor\\laravel\\lumen-framework\\src\\Concerns\\RoutesRequests.php(165): Laravel\\Lumen\\Application->sendThroughPipeline(Array, Object(Closure))
#26 D:\\server\\htdocs\\matrimonial\\vendor\\laravel\\lumen-framework\\src\\Concerns\\RoutesRequests.php(112): Laravel\\Lumen\\Application->dispatch(NULL)
#27 D:\\server\\htdocs\\matrimonial\\public\\index.php(28): Laravel\\Lumen\\Application->run()
#28 {main}

[previous exception] [object] (PDOException(code: 22007): SQLSTATE[22007]: Invalid datetime format: 1292 Incorrect date value: '06-06-2023' for column `matrimonial`.`user_info`.`user_dob` at row 1 at D:\\server\\htdocs\\matrimonial\\vendor\\illuminate\\database\\Connection.php:526)
[stacktrace]
#0 D:\\server\\htdocs\\matrimonial\\vendor\\illuminate\\database\\Connection.php(526): PDOStatement->execute()
#1 D:\\server\\htdocs\\matrimonial\\vendor\\illuminate\\database\\Connection.php(705): Illuminate\\Database\\Connection->Illuminate\\Database\\{closure}('update `user_in...', Array)
#2 D:\\server\\htdocs\\matrimonial\\vendor\\illuminate\\database\\Connection.php(672): Illuminate\\Database\\Connection->runQueryCallback('update `user_in...', Array, Object(Closure))
#3 D:\\server\\htdocs\\matrimonial\\vendor\\illuminate\\database\\Connection.php(514): Illuminate\\Database\\Connection->run('update `user_in...', Array, Object(Closure))
#4 D:\\server\\htdocs\\matrimonial\\vendor\\illuminate\\database\\Connection.php(466): Illuminate\\Database\\Connection->affectingStatement('update `user_in...', Array)
#5 D:\\server\\htdocs\\matrimonial\\vendor\\illuminate\\database\\Query\\Builder.php(3062): Illuminate\\Database\\Connection->update('update `user_in...', Array)
#6 D:\\server\\htdocs\\matrimonial\\app\\Http\\Controllers\\userController.php(91): Illuminate\\Database\\Query\\Builder->update(Array)
#7 D:\\server\\htdocs\\matrimonial\\vendor\\illuminate\\container\\BoundMethod.php(36): App\\Http\\Controllers\\userController->addUserDataSecondApi(Object(Laravel\\Lumen\\Http\\Request))
#8 D:\\server\\htdocs\\matrimonial\\vendor\\illuminate\\container\\Util.php(40): Illuminate\\Container\\BoundMethod::Illuminate\\Container\\{closure}()
#9 D:\\server\\htdocs\\matrimonial\\vendor\\illuminate\\container\\BoundMethod.php(93): Illuminate\\Container\\Util::unwrapIfClosure(Object(Closure))
#10 D:\\server\\htdocs\\matrimonial\\vendor\\illuminate\\container\\BoundMethod.php(35): Illuminate\\Container\\BoundMethod::callBoundMethod(Object(Laravel\\Lumen\\Application), Array, Object(Closure))
#11 D:\\server\\htdocs\\matrimonial\\vendor\\illuminate\\container\\Container.php(653): Illuminate\\Container\\BoundMethod::call(Object(Laravel\\Lumen\\Application), Array, Array, NULL)
#12 D:\\server\\htdocs\\matrimonial\\vendor\\laravel\\lumen-framework\\src\\Concerns\\RoutesRequests.php(389): Illuminate\\Container\\Container->call(Array, Array)
#13 D:\\server\\htdocs\\matrimonial\\vendor\\laravel\\lumen-framework\\src\\Concerns\\RoutesRequests.php(354): Laravel\\Lumen\\Application->callControllerCallable(Array, Array)
#14 D:\\server\\htdocs\\matrimonial\\vendor\\laravel\\lumen-framework\\src\\Concerns\\RoutesRequests.php(329): Laravel\\Lumen\\Application->callLumenController(Object(App\\Http\\Controllers\\userController), 'addUserDataSeco...', Array)
#15 D:\\server\\htdocs\\matrimonial\\vendor\\laravel\\lumen-framework\\src\\Concerns\\RoutesRequests.php(282): Laravel\\Lumen\\Application->callControllerAction(Array)
#16 D:\\server\\htdocs\\matrimonial\\vendor\\laravel\\lumen-framework\\src\\Concerns\\RoutesRequests.php(267): Laravel\\Lumen\\Application->callActionOnArrayBasedRoute(Array)
#17 D:\\server\\htdocs\\matrimonial\\vendor\\laravel\\lumen-framework\\src\\Concerns\\RoutesRequests.php(169): Laravel\\Lumen\\Application->handleFoundRoute(Array)
#18 D:\\server\\htdocs\\matrimonial\\vendor\\laravel\\lumen-framework\\src\\Routing\\Pipeline.php(48): Laravel\\Lumen\\Application->Laravel\\Lumen\\Concerns\\{closure}(Object(Laravel\\Lumen\\Http\\Request))
#19 D:\\server\\htdocs\\matrimonial\\app\\Http\\Middleware\\CorsMiddleware.php(28): Laravel\\Lumen\\Routing\\Pipeline->Laravel\\Lumen\\Routing\\{closure}(Object(Laravel\\Lumen\\Http\\Request))
#20 D:\\server\\htdocs\\matrimonial\\vendor\\illuminate\\pipeline\\Pipeline.php(167): App\\Http\\Middleware\\CorsMiddleware->handle(Object(Laravel\\Lumen\\Http\\Request), Object(Closure))
#21 D:\\server\\htdocs\\matrimonial\\vendor\\laravel\\lumen-framework\\src\\Routing\\Pipeline.php(30): Illuminate\\Pipeline\\Pipeline->Illuminate\\Pipeline\\{closure}(Object(Laravel\\Lumen\\Http\\Request))
#22 D:\\server\\htdocs\\matrimonial\\app\\Http\\Middleware\\ExampleMiddleware.php(18): Laravel\\Lumen\\Routing\\Pipeline->Laravel\\Lumen\\Routing\\{closure}(Object(Laravel\\Lumen\\Http\\Request))
#23 D:\\server\\htdocs\\matrimonial\\vendor\\illuminate\\pipeline\\Pipeline.php(167): App\\Http\\Middleware\\ExampleMiddleware->handle(Object(Laravel\\Lumen\\Http\\Request), Object(Closure))
#24 D:\\server\\htdocs\\matrimonial\\vendor\\laravel\\lumen-framework\\src\\Routing\\Pipeline.php(30): Illuminate\\Pipeline\\Pipeline->Illuminate\\Pipeline\\{closure}(Object(Laravel\\Lumen\\Http\\Request))
#25 D:\\server\\htdocs\\matrimonial\\vendor\\illuminate\\pipeline\\Pipeline.php(103): Laravel\\Lumen\\Routing\\Pipeline->Laravel\\Lumen\\Routing\\{closure}(Object(Laravel\\Lumen\\Http\\Request))
#26 D:\\server\\htdocs\\matrimonial\\vendor\\laravel\\lumen-framework\\src\\Concerns\\RoutesRequests.php(426): Illuminate\\Pipeline\\Pipeline->then(Object(Closure))
#27 D:\\server\\htdocs\\matrimonial\\vendor\\laravel\\lumen-framework\\src\\Concerns\\RoutesRequests.php(165): Laravel\\Lumen\\Application->sendThroughPipeline(Array, Object(Closure))
#28 D:\\server\\htdocs\\matrimonial\\vendor\\laravel\\lumen-framework\\src\\Concerns\\RoutesRequests.php(112): Laravel\\Lumen\\Application->dispatch(NULL)
#29 D:\\server\\htdocs\\matrimonial\\public\\index.php(28): Laravel\\Lumen\\Application->run()
#30 {main}
"} 
[2023-06-06 17:09:40] local.ERROR: SQLSTATE[HY000]: General error: 1364 Field 'user_lname' doesn't have a default value (SQL: insert into `user_info` (`user_id`, `user_gender`, `status`, `deleted`) values (PATRABIBAHA4697, male, 1, 1)) {"exception":"[object] (Illuminate\\Database\\QueryException(code: HY000): SQLSTATE[HY000]: General error: 1364 Field 'user_lname' doesn't have a default value (SQL: insert into `user_info` (`user_id`, `user_gender`, `status`, `deleted`) values (PATRABIBAHA4697, male, 1, 1)) at D:\\server\\htdocs\\matrimonial\\vendor\\illuminate\\database\\Connection.php:712)
[stacktrace]
#0 D:\\server\\htdocs\\matrimonial\\vendor\\illuminate\\database\\Connection.php(672): Illuminate\\Database\\Connection->runQueryCallback('insert into `us...', Array, Object(Closure))
#1 D:\\server\\htdocs\\matrimonial\\vendor\\illuminate\\database\\Connection.php(490): Illuminate\\Database\\Connection->run('insert into `us...', Array, Object(Closure))
#2 D:\\server\\htdocs\\matrimonial\\vendor\\illuminate\\database\\Connection.php(454): Illuminate\\Database\\Connection->statement('insert into `us...', Array)
#3 D:\\server\\htdocs\\matrimonial\\vendor\\illuminate\\database\\Query\\Builder.php(2978): Illuminate\\Database\\Connection->insert('insert into `us...', Array)
#4 D:\\server\\htdocs\\matrimonial\\app\\Http\\Controllers\\userController.php(35): Illuminate\\Database\\Query\\Builder->insert(Array)
#5 D:\\server\\htdocs\\matrimonial\\vendor\\illuminate\\container\\BoundMethod.php(36): App\\Http\\Controllers\\userController->addUserDataFirstApi(Object(Laravel\\Lumen\\Http\\Request))
#6 D:\\server\\htdocs\\matrimonial\\vendor\\illuminate\\container\\Util.php(40): Illuminate\\Container\\BoundMethod::Illuminate\\Container\\{closure}()
#7 D:\\server\\htdocs\\matrimonial\\vendor\\illuminate\\container\\BoundMethod.php(93): Illuminate\\Container\\Util::unwrapIfClosure(Object(Closure))
#8 D:\\server\\htdocs\\matrimonial\\vendor\\illuminate\\container\\BoundMethod.php(35): Illuminate\\Container\\BoundMethod::callBoundMethod(Object(Laravel\\Lumen\\Application), Array, Object(Closure))
#9 D:\\server\\htdocs\\matrimonial\\vendor\\illuminate\\container\\Container.php(653): Illuminate\\Container\\BoundMethod::call(Object(Laravel\\Lumen\\Application), Array, Array, NULL)
#10 D:\\server\\htdocs\\matrimonial\\vendor\\laravel\\lumen-framework\\src\\Concerns\\RoutesRequests.php(389): Illuminate\\Container\\Container->call(Array, Array)
#11 D:\\server\\htdocs\\matrimonial\\vendor\\laravel\\lumen-framework\\src\\Concerns\\RoutesRequests.php(354): Laravel\\Lumen\\Application->callControllerCallable(Array, Array)
#12 D:\\server\\htdocs\\matrimonial\\vendor\\laravel\\lumen-framework\\src\\Concerns\\RoutesRequests.php(329): Laravel\\Lumen\\Application->callLumenController(Object(App\\Http\\Controllers\\userController), 'addUserDataFirs...', Array)
#13 D:\\server\\htdocs\\matrimonial\\vendor\\laravel\\lumen-framework\\src\\Concerns\\RoutesRequests.php(282): Laravel\\Lumen\\Application->callControllerAction(Array)
#14 D:\\server\\htdocs\\matrimonial\\vendor\\laravel\\lumen-framework\\src\\Concerns\\RoutesRequests.php(267): Laravel\\Lumen\\Application->callActionOnArrayBasedRoute(Array)
#15 D:\\server\\htdocs\\matrimonial\\vendor\\laravel\\lumen-framework\\src\\Concerns\\RoutesRequests.php(169): Laravel\\Lumen\\Application->handleFoundRoute(Array)
#16 D:\\server\\htdocs\\matrimonial\\vendor\\laravel\\lumen-framework\\src\\Routing\\Pipeline.php(48): Laravel\\Lumen\\Application->Laravel\\Lumen\\Concerns\\{closure}(Object(Laravel\\Lumen\\Http\\Request))
#17 D:\\server\\htdocs\\matrimonial\\app\\Http\\Middleware\\CorsMiddleware.php(28): Laravel\\Lumen\\Routing\\Pipeline->Laravel\\Lumen\\Routing\\{closure}(Object(Laravel\\Lumen\\Http\\Request))
#18 D:\\server\\htdocs\\matrimonial\\vendor\\illuminate\\pipeline\\Pipeline.php(167): App\\Http\\Middleware\\CorsMiddleware->handle(Object(Laravel\\Lumen\\Http\\Request), Object(Closure))
#19 D:\\server\\htdocs\\matrimonial\\vendor\\laravel\\lumen-framework\\src\\Routing\\Pipeline.php(30): Illuminate\\Pipeline\\Pipeline->Illuminate\\Pipeline\\{closure}(Object(Laravel\\Lumen\\Http\\Request))
#20 D:\\server\\htdocs\\matrimonial\\app\\Http\\Middleware\\ExampleMiddleware.php(18): Laravel\\Lumen\\Routing\\Pipeline->Laravel\\Lumen\\Routing\\{closure}(Object(Laravel\\Lumen\\Http\\Request))
#21 D:\\server\\htdocs\\matrimonial\\vendor\\illuminate\\pipeline\\Pipeline.php(167): App\\Http\\Middleware\\ExampleMiddleware->handle(Object(Laravel\\Lumen\\Http\\Request), Object(Closure))
#22 D:\\server\\htdocs\\matrimonial\\vendor\\laravel\\lumen-framework\\src\\Routing\\Pipeline.php(30): Illuminate\\Pipeline\\Pipeline->Illuminate\\Pipeline\\{closure}(Object(Laravel\\Lumen\\Http\\Request))
#23 D:\\server\\htdocs\\matrimonial\\vendor\\illuminate\\pipeline\\Pipeline.php(103): Laravel\\Lumen\\Routing\\Pipeline->Laravel\\Lumen\\Routing\\{closure}(Object(Laravel\\Lumen\\Http\\Request))
#24 D:\\server\\htdocs\\matrimonial\\vendor\\laravel\\lumen-framework\\src\\Concerns\\RoutesRequests.php(426): Illuminate\\Pipeline\\Pipeline->then(Object(Closure))
#25 D:\\server\\htdocs\\matrimonial\\vendor\\laravel\\lumen-framework\\src\\Concerns\\RoutesRequests.php(165): Laravel\\Lumen\\Application->sendThroughPipeline(Array, Object(Closure))
#26 D:\\server\\htdocs\\matrimonial\\vendor\\laravel\\lumen-framework\\src\\Concerns\\RoutesRequests.php(112): Laravel\\Lumen\\Application->dispatch(NULL)
#27 D:\\server\\htdocs\\matrimonial\\public\\index.php(28): Laravel\\Lumen\\Application->run()
#28 {main}

[previous exception] [object] (PDOException(code: HY000): SQLSTATE[HY000]: General error: 1364 Field 'user_lname' doesn't have a default value at D:\\server\\htdocs\\matrimonial\\vendor\\illuminate\\database\\Connection.php:501)
[stacktrace]
#0 D:\\server\\htdocs\\matrimonial\\vendor\\illuminate\\database\\Connection.php(501): PDOStatement->execute()
#1 D:\\server\\htdocs\\matrimonial\\vendor\\illuminate\\database\\Connection.php(705): Illuminate\\Database\\Connection->Illuminate\\Database\\{closure}('insert into `us...', Array)
#2 D:\\server\\htdocs\\matrimonial\\vendor\\illuminate\\database\\Connection.php(672): Illuminate\\Database\\Connection->runQueryCallback('insert into `us...', Array, Object(Closure))
#3 D:\\server\\htdocs\\matrimonial\\vendor\\illuminate\\database\\Connection.php(490): Illuminate\\Database\\Connection->run('insert into `us...', Array, Object(Closure))
#4 D:\\server\\htdocs\\matrimonial\\vendor\\illuminate\\database\\Connection.php(454): Illuminate\\Database\\Connection->statement('insert into `us...', Array)
#5 D:\\server\\htdocs\\matrimonial\\vendor\\illuminate\\database\\Query\\Builder.php(2978): Illuminate\\Database\\Connection->insert('insert into `us...', Array)
#6 D:\\server\\htdocs\\matrimonial\\app\\Http\\Controllers\\userController.php(35): Illuminate\\Database\\Query\\Builder->insert(Array)
#7 D:\\server\\htdocs\\matrimonial\\vendor\\illuminate\\container\\BoundMethod.php(36): App\\Http\\Controllers\\userController->addUserDataFirstApi(Object(Laravel\\Lumen\\Http\\Request))
#8 D:\\server\\htdocs\\matrimonial\\vendor\\illuminate\\container\\Util.php(40): Illuminate\\Container\\BoundMethod::Illuminate\\Container\\{closure}()
#9 D:\\server\\htdocs\\matrimonial\\vendor\\illuminate\\container\\BoundMethod.php(93): Illuminate\\Container\\Util::unwrapIfClosure(Object(Closure))
#10 D:\\server\\htdocs\\matrimonial\\vendor\\illuminate\\container\\BoundMethod.php(35): Illuminate\\Container\\BoundMethod::callBoundMethod(Object(Laravel\\Lumen\\Application), Array, Object(Closure))
#11 D:\\server\\htdocs\\matrimonial\\vendor\\illuminate\\container\\Container.php(653): Illuminate\\Container\\BoundMethod::call(Object(Laravel\\Lumen\\Application), Array, Array, NULL)
#12 D:\\server\\htdocs\\matrimonial\\vendor\\laravel\\lumen-framework\\src\\Concerns\\RoutesRequests.php(389): Illuminate\\Container\\Container->call(Array, Array)
#13 D:\\server\\htdocs\\matrimonial\\vendor\\laravel\\lumen-framework\\src\\Concerns\\RoutesRequests.php(354): Laravel\\Lumen\\Application->callControllerCallable(Array, Array)
#14 D:\\server\\htdocs\\matrimonial\\vendor\\laravel\\lumen-framework\\src\\Concerns\\RoutesRequests.php(329): Laravel\\Lumen\\Application->callLumenController(Object(App\\Http\\Controllers\\userController), 'addUserDataFirs...', Array)
#15 D:\\server\\htdocs\\matrimonial\\vendor\\laravel\\lumen-framework\\src\\Concerns\\RoutesRequests.php(282): Laravel\\Lumen\\Application->callControllerAction(Array)
#16 D:\\server\\htdocs\\matrimonial\\vendor\\laravel\\lumen-framework\\src\\Concerns\\RoutesRequests.php(267): Laravel\\Lumen\\Application->callActionOnArrayBasedRoute(Array)
#17 D:\\server\\htdocs\\matrimonial\\vendor\\laravel\\lumen-framework\\src\\Concerns\\RoutesRequests.php(169): Laravel\\Lumen\\Application->handleFoundRoute(Array)
#18 D:\\server\\htdocs\\matrimonial\\vendor\\laravel\\lumen-framework\\src\\Routing\\Pipeline.php(48): Laravel\\Lumen\\Application->Laravel\\Lumen\\Concerns\\{closure}(Object(Laravel\\Lumen\\Http\\Request))
#19 D:\\server\\htdocs\\matrimonial\\app\\Http\\Middleware\\CorsMiddleware.php(28): Laravel\\Lumen\\Routing\\Pipeline->Laravel\\Lumen\\Routing\\{closure}(Object(Laravel\\Lumen\\Http\\Request))
#20 D:\\server\\htdocs\\matrimonial\\vendor\\illuminate\\pipeline\\Pipeline.php(167): App\\Http\\Middleware\\CorsMiddleware->handle(Object(Laravel\\Lumen\\Http\\Request), Object(Closure))
#21 D:\\server\\htdocs\\matrimonial\\vendor\\laravel\\lumen-framework\\src\\Routing\\Pipeline.php(30): Illuminate\\Pipeline\\Pipeline->Illuminate\\Pipeline\\{closure}(Object(Laravel\\Lumen\\Http\\Request))
#22 D:\\server\\htdocs\\matrimonial\\app\\Http\\Middleware\\ExampleMiddleware.php(18): Laravel\\Lumen\\Routing\\Pipeline->Laravel\\Lumen\\Routing\\{closure}(Object(Laravel\\Lumen\\Http\\Request))
#23 D:\\server\\htdocs\\matrimonial\\vendor\\illuminate\\pipeline\\Pipeline.php(167): App\\Http\\Middleware\\ExampleMiddleware->handle(Object(Laravel\\Lumen\\Http\\Request), Object(Closure))
#24 D:\\server\\htdocs\\matrimonial\\vendor\\laravel\\lumen-framework\\src\\Routing\\Pipeline.php(30): Illuminate\\Pipeline\\Pipeline->Illuminate\\Pipeline\\{closure}(Object(Laravel\\Lumen\\Http\\Request))
#25 D:\\server\\htdocs\\matrimonial\\vendor\\illuminate\\pipeline\\Pipeline.php(103): Laravel\\Lumen\\Routing\\Pipeline->Laravel\\Lumen\\Routing\\{closure}(Object(Laravel\\Lumen\\Http\\Request))
#26 D:\\server\\htdocs\\matrimonial\\vendor\\laravel\\lumen-framework\\src\\Concerns\\RoutesRequests.php(426): Illuminate\\Pipeline\\Pipeline->then(Object(Closure))
#27 D:\\server\\htdocs\\matrimonial\\vendor\\laravel\\lumen-framework\\src\\Concerns\\RoutesRequests.php(165): Laravel\\Lumen\\Application->sendThroughPipeline(Array, Object(Closure))
#28 D:\\server\\htdocs\\matrimonial\\vendor\\laravel\\lumen-framework\\src\\Concerns\\RoutesRequests.php(112): Laravel\\Lumen\\Application->dispatch(NULL)
#29 D:\\server\\htdocs\\matrimonial\\public\\index.php(28): Laravel\\Lumen\\Application->run()
#30 {main}
"} 
[2023-06-06 17:10:15] local.ERROR: SQLSTATE[HY000]: General error: 1364 Field 'user_lname' doesn't have a default value (SQL: insert into `user_info` (`user_id`, `user_gender`, `status`, `deleted`) values (PATRABIBAHA3259, male, 1, 1)) {"exception":"[object] (Illuminate\\Database\\QueryException(code: HY000): SQLSTATE[HY000]: General error: 1364 Field 'user_lname' doesn't have a default value (SQL: insert into `user_info` (`user_id`, `user_gender`, `status`, `deleted`) values (PATRABIBAHA3259, male, 1, 1)) at D:\\server\\htdocs\\matrimonial\\vendor\\illuminate\\database\\Connection.php:712)
[stacktrace]
#0 D:\\server\\htdocs\\matrimonial\\vendor\\illuminate\\database\\Connection.php(672): Illuminate\\Database\\Connection->runQueryCallback('insert into `us...', Array, Object(Closure))
#1 D:\\server\\htdocs\\matrimonial\\vendor\\illuminate\\database\\Connection.php(490): Illuminate\\Database\\Connection->run('insert into `us...', Array, Object(Closure))
#2 D:\\server\\htdocs\\matrimonial\\vendor\\illuminate\\database\\Connection.php(454): Illuminate\\Database\\Connection->statement('insert into `us...', Array)
#3 D:\\server\\htdocs\\matrimonial\\vendor\\illuminate\\database\\Query\\Builder.php(2978): Illuminate\\Database\\Connection->insert('insert into `us...', Array)
#4 D:\\server\\htdocs\\matrimonial\\app\\Http\\Controllers\\userController.php(35): Illuminate\\Database\\Query\\Builder->insert(Array)
#5 D:\\server\\htdocs\\matrimonial\\vendor\\illuminate\\container\\BoundMethod.php(36): App\\Http\\Controllers\\userController->addUserDataFirstApi(Object(Laravel\\Lumen\\Http\\Request))
#6 D:\\server\\htdocs\\matrimonial\\vendor\\illuminate\\container\\Util.php(40): Illuminate\\Container\\BoundMethod::Illuminate\\Container\\{closure}()
#7 D:\\server\\htdocs\\matrimonial\\vendor\\illuminate\\container\\BoundMethod.php(93): Illuminate\\Container\\Util::unwrapIfClosure(Object(Closure))
#8 D:\\server\\htdocs\\matrimonial\\vendor\\illuminate\\container\\BoundMethod.php(35): Illuminate\\Container\\BoundMethod::callBoundMethod(Object(Laravel\\Lumen\\Application), Array, Object(Closure))
#9 D:\\server\\htdocs\\matrimonial\\vendor\\illuminate\\container\\Container.php(653): Illuminate\\Container\\BoundMethod::call(Object(Laravel\\Lumen\\Application), Array, Array, NULL)
#10 D:\\server\\htdocs\\matrimonial\\vendor\\laravel\\lumen-framework\\src\\Concerns\\RoutesRequests.php(389): Illuminate\\Container\\Container->call(Array, Array)
#11 D:\\server\\htdocs\\matrimonial\\vendor\\laravel\\lumen-framework\\src\\Concerns\\RoutesRequests.php(354): Laravel\\Lumen\\Application->callControllerCallable(Array, Array)
#12 D:\\server\\htdocs\\matrimonial\\vendor\\laravel\\lumen-framework\\src\\Concerns\\RoutesRequests.php(329): Laravel\\Lumen\\Application->callLumenController(Object(App\\Http\\Controllers\\userController), 'addUserDataFirs...', Array)
#13 D:\\server\\htdocs\\matrimonial\\vendor\\laravel\\lumen-framework\\src\\Concerns\\RoutesRequests.php(282): Laravel\\Lumen\\Application->callControllerAction(Array)
#14 D:\\server\\htdocs\\matrimonial\\vendor\\laravel\\lumen-framework\\src\\Concerns\\RoutesRequests.php(267): Laravel\\Lumen\\Application->callActionOnArrayBasedRoute(Array)
#15 D:\\server\\htdocs\\matrimonial\\vendor\\laravel\\lumen-framework\\src\\Concerns\\RoutesRequests.php(169): Laravel\\Lumen\\Application->handleFoundRoute(Array)
#16 D:\\server\\htdocs\\matrimonial\\vendor\\laravel\\lumen-framework\\src\\Routing\\Pipeline.php(48): Laravel\\Lumen\\Application->Laravel\\Lumen\\Concerns\\{closure}(Object(Laravel\\Lumen\\Http\\Request))
#17 D:\\server\\htdocs\\matrimonial\\app\\Http\\Middleware\\CorsMiddleware.php(28): Laravel\\Lumen\\Routing\\Pipeline->Laravel\\Lumen\\Routing\\{closure}(Object(Laravel\\Lumen\\Http\\Request))
#18 D:\\server\\htdocs\\matrimonial\\vendor\\illuminate\\pipeline\\Pipeline.php(167): App\\Http\\Middleware\\CorsMiddleware->handle(Object(Laravel\\Lumen\\Http\\Request), Object(Closure))
#19 D:\\server\\htdocs\\matrimonial\\vendor\\laravel\\lumen-framework\\src\\Routing\\Pipeline.php(30): Illuminate\\Pipeline\\Pipeline->Illuminate\\Pipeline\\{closure}(Object(Laravel\\Lumen\\Http\\Request))
#20 D:\\server\\htdocs\\matrimonial\\app\\Http\\Middleware\\ExampleMiddleware.php(18): Laravel\\Lumen\\Routing\\Pipeline->Laravel\\Lumen\\Routing\\{closure}(Object(Laravel\\Lumen\\Http\\Request))
#21 D:\\server\\htdocs\\matrimonial\\vendor\\illuminate\\pipeline\\Pipeline.php(167): App\\Http\\Middleware\\ExampleMiddleware->handle(Object(Laravel\\Lumen\\Http\\Request), Object(Closure))
#22 D:\\server\\htdocs\\matrimonial\\vendor\\laravel\\lumen-framework\\src\\Routing\\Pipeline.php(30): Illuminate\\Pipeline\\Pipeline->Illuminate\\Pipeline\\{closure}(Object(Laravel\\Lumen\\Http\\Request))
#23 D:\\server\\htdocs\\matrimonial\\vendor\\illuminate\\pipeline\\Pipeline.php(103): Laravel\\Lumen\\Routing\\Pipeline->Laravel\\Lumen\\Routing\\{closure}(Object(Laravel\\Lumen\\Http\\Request))
#24 D:\\server\\htdocs\\matrimonial\\vendor\\laravel\\lumen-framework\\src\\Concerns\\RoutesRequests.php(426): Illuminate\\Pipeline\\Pipeline->then(Object(Closure))
#25 D:\\server\\htdocs\\matrimonial\\vendor\\laravel\\lumen-framework\\src\\Concerns\\RoutesRequests.php(165): Laravel\\Lumen\\Application->sendThroughPipeline(Array, Object(Closure))
#26 D:\\server\\htdocs\\matrimonial\\vendor\\laravel\\lumen-framework\\src\\Concerns\\RoutesRequests.php(112): Laravel\\Lumen\\Application->dispatch(NULL)
#27 D:\\server\\htdocs\\matrimonial\\public\\index.php(28): Laravel\\Lumen\\Application->run()
#28 {main}

[previous exception] [object] (PDOException(code: HY000): SQLSTATE[HY000]: General error: 1364 Field 'user_lname' doesn't have a default value at D:\\server\\htdocs\\matrimonial\\vendor\\illuminate\\database\\Connection.php:501)
[stacktrace]
#0 D:\\server\\htdocs\\matrimonial\\vendor\\illuminate\\database\\Connection.php(501): PDOStatement->execute()
#1 D:\\server\\htdocs\\matrimonial\\vendor\\illuminate\\database\\Connection.php(705): Illuminate\\Database\\Connection->Illuminate\\Database\\{closure}('insert into `us...', Array)
#2 D:\\server\\htdocs\\matrimonial\\vendor\\illuminate\\database\\Connection.php(672): Illuminate\\Database\\Connection->runQueryCallback('insert into `us...', Array, Object(Closure))
#3 D:\\server\\htdocs\\matrimonial\\vendor\\illuminate\\database\\Connection.php(490): Illuminate\\Database\\Connection->run('insert into `us...', Array, Object(Closure))
#4 D:\\server\\htdocs\\matrimonial\\vendor\\illuminate\\database\\Connection.php(454): Illuminate\\Database\\Connection->statement('insert into `us...', Array)
#5 D:\\server\\htdocs\\matrimonial\\vendor\\illuminate\\database\\Query\\Builder.php(2978): Illuminate\\Database\\Connection->insert('insert into `us...', Array)
#6 D:\\server\\htdocs\\matrimonial\\app\\Http\\Controllers\\userController.php(35): Illuminate\\Database\\Query\\Builder->insert(Array)
#7 D:\\server\\htdocs\\matrimonial\\vendor\\illuminate\\container\\BoundMethod.php(36): App\\Http\\Controllers\\userController->addUserDataFirstApi(Object(Laravel\\Lumen\\Http\\Request))
#8 D:\\server\\htdocs\\matrimonial\\vendor\\illuminate\\container\\Util.php(40): Illuminate\\Container\\BoundMethod::Illuminate\\Container\\{closure}()
#9 D:\\server\\htdocs\\matrimonial\\vendor\\illuminate\\container\\BoundMethod.php(93): Illuminate\\Container\\Util::unwrapIfClosure(Object(Closure))
#10 D:\\server\\htdocs\\matrimonial\\vendor\\illuminate\\container\\BoundMethod.php(35): Illuminate\\Container\\BoundMethod::callBoundMethod(Object(Laravel\\Lumen\\Application), Array, Object(Closure))
#11 D:\\server\\htdocs\\matrimonial\\vendor\\illuminate\\container\\Container.php(653): Illuminate\\Container\\BoundMethod::call(Object(Laravel\\Lumen\\Application), Array, Array, NULL)
#12 D:\\server\\htdocs\\matrimonial\\vendor\\laravel\\lumen-framework\\src\\Concerns\\RoutesRequests.php(389): Illuminate\\Container\\Container->call(Array, Array)
#13 D:\\server\\htdocs\\matrimonial\\vendor\\laravel\\lumen-framework\\src\\Concerns\\RoutesRequests.php(354): Laravel\\Lumen\\Application->callControllerCallable(Array, Array)
#14 D:\\server\\htdocs\\matrimonial\\vendor\\laravel\\lumen-framework\\src\\Concerns\\RoutesRequests.php(329): Laravel\\Lumen\\Application->callLumenController(Object(App\\Http\\Controllers\\userController), 'addUserDataFirs...', Array)
#15 D:\\server\\htdocs\\matrimonial\\vendor\\laravel\\lumen-framework\\src\\Concerns\\RoutesRequests.php(282): Laravel\\Lumen\\Application->callControllerAction(Array)
#16 D:\\server\\htdocs\\matrimonial\\vendor\\laravel\\lumen-framework\\src\\Concerns\\RoutesRequests.php(267): Laravel\\Lumen\\Application->callActionOnArrayBasedRoute(Array)
#17 D:\\server\\htdocs\\matrimonial\\vendor\\laravel\\lumen-framework\\src\\Concerns\\RoutesRequests.php(169): Laravel\\Lumen\\Application->handleFoundRoute(Array)
#18 D:\\server\\htdocs\\matrimonial\\vendor\\laravel\\lumen-framework\\src\\Routing\\Pipeline.php(48): Laravel\\Lumen\\Application->Laravel\\Lumen\\Concerns\\{closure}(Object(Laravel\\Lumen\\Http\\Request))
#19 D:\\server\\htdocs\\matrimonial\\app\\Http\\Middleware\\CorsMiddleware.php(28): Laravel\\Lumen\\Routing\\Pipeline->Laravel\\Lumen\\Routing\\{closure}(Object(Laravel\\Lumen\\Http\\Request))
#20 D:\\server\\htdocs\\matrimonial\\vendor\\illuminate\\pipeline\\Pipeline.php(167): App\\Http\\Middleware\\CorsMiddleware->handle(Object(Laravel\\Lumen\\Http\\Request), Object(Closure))
#21 D:\\server\\htdocs\\matrimonial\\vendor\\laravel\\lumen-framework\\src\\Routing\\Pipeline.php(30): Illuminate\\Pipeline\\Pipeline->Illuminate\\Pipeline\\{closure}(Object(Laravel\\Lumen\\Http\\Request))
#22 D:\\server\\htdocs\\matrimonial\\app\\Http\\Middleware\\ExampleMiddleware.php(18): Laravel\\Lumen\\Routing\\Pipeline->Laravel\\Lumen\\Routing\\{closure}(Object(Laravel\\Lumen\\Http\\Request))
#23 D:\\server\\htdocs\\matrimonial\\vendor\\illuminate\\pipeline\\Pipeline.php(167): App\\Http\\Middleware\\ExampleMiddleware->handle(Object(Laravel\\Lumen\\Http\\Request), Object(Closure))
#24 D:\\server\\htdocs\\matrimonial\\vendor\\laravel\\lumen-framework\\src\\Routing\\Pipeline.php(30): Illuminate\\Pipeline\\Pipeline->Illuminate\\Pipeline\\{closure}(Object(Laravel\\Lumen\\Http\\Request))
#25 D:\\server\\htdocs\\matrimonial\\vendor\\illuminate\\pipeline\\Pipeline.php(103): Laravel\\Lumen\\Routing\\Pipeline->Laravel\\Lumen\\Routing\\{closure}(Object(Laravel\\Lumen\\Http\\Request))
#26 D:\\server\\htdocs\\matrimonial\\vendor\\laravel\\lumen-framework\\src\\Concerns\\RoutesRequests.php(426): Illuminate\\Pipeline\\Pipeline->then(Object(Closure))
#27 D:\\server\\htdocs\\matrimonial\\vendor\\laravel\\lumen-framework\\src\\Concerns\\RoutesRequests.php(165): Laravel\\Lumen\\Application->sendThroughPipeline(Array, Object(Closure))
#28 D:\\server\\htdocs\\matrimonial\\vendor\\laravel\\lumen-framework\\src\\Concerns\\RoutesRequests.php(112): Laravel\\Lumen\\Application->dispatch(NULL)
#29 D:\\server\\htdocs\\matrimonial\\public\\index.php(28): Laravel\\Lumen\\Application->run()
#30 {main}
"} 
