[2023-06-04 09:52:59] local.ERROR: SQLSTATE[HY000] [1045] Access denied for user 'choicemarriage'@'49.37.117.136' (using password: YES) (SQL: select * from `admin` where `UserId` = chiku) {"exception":"[object] (Illuminate\\Database\\QueryException(code: 1045): SQLSTATE[HY000] [1045] Access denied for user 'choicemarriage'@'49.37.117.136' (using password: YES) (SQL: select * from `admin` where `UserId` = chiku) at D:\\server\\htdocs\\matrimonial\\vendor\\illuminate\\database\\Connection.php:712)
[stacktrace]
#0 D:\\server\\htdocs\\matrimonial\\vendor\\illuminate\\database\\Connection.php(672): Illuminate\\Database\\Connection->runQueryCallback('select * from `...', Array, Object(Closure))
#1 D:\\server\\htdocs\\matrimonial\\vendor\\illuminate\\database\\Connection.php(359): Illuminate\\Database\\Connection->run('select * from `...', Array, Object(Closure))
#2 D:\\server\\htdocs\\matrimonial\\vendor\\illuminate\\database\\Query\\Builder.php(2413): Illuminate\\Database\\Connection->select('select * from `...', Array, true)
#3 D:\\server\\htdocs\\matrimonial\\vendor\\illuminate\\database\\Query\\Builder.php(2402): Illuminate\\Database\\Query\\Builder->runSelect()
#4 D:\\server\\htdocs\\matrimonial\\vendor\\illuminate\\database\\Query\\Builder.php(2936): Illuminate\\Database\\Query\\Builder->Illuminate\\Database\\Query\\{closure}()
#5 D:\\server\\htdocs\\matrimonial\\vendor\\illuminate\\database\\Query\\Builder.php(2401): Illuminate\\Database\\Query\\Builder->onceWithColumns(Array, Object(Closure))
#6 D:\\server\\htdocs\\matrimonial\\app\\Http\\Controllers\\loginController.php(21): Illuminate\\Database\\Query\\Builder->get()
#7 D:\\server\\htdocs\\matrimonial\\vendor\\illuminate\\container\\BoundMethod.php(36): App\\Http\\Controllers\\loginController->adminLogin()
#8 D:\\server\\htdocs\\matrimonial\\vendor\\illuminate\\container\\Util.php(40): Illuminate\\Container\\BoundMethod::Illuminate\\Container\\{closure}()
#9 D:\\server\\htdocs\\matrimonial\\vendor\\illuminate\\container\\BoundMethod.php(93): Illuminate\\Container\\Util::unwrapIfClosure(Object(Closure))
#10 D:\\server\\htdocs\\matrimonial\\vendor\\illuminate\\container\\BoundMethod.php(35): Illuminate\\Container\\BoundMethod::callBoundMethod(Object(Laravel\\Lumen\\Application), Array, Object(Closure))
#11 D:\\server\\htdocs\\matrimonial\\vendor\\illuminate\\container\\Container.php(653): Illuminate\\Container\\BoundMethod::call(Object(Laravel\\Lumen\\Application), Array, Array, NULL)
#12 D:\\server\\htdocs\\matrimonial\\vendor\\laravel\\lumen-framework\\src\\Concerns\\RoutesRequests.php(389): Illuminate\\Container\\Container->call(Array, Array)
#13 D:\\server\\htdocs\\matrimonial\\vendor\\laravel\\lumen-framework\\src\\Concerns\\RoutesRequests.php(354): Laravel\\Lumen\\Application->callControllerCallable(Array, Array)
#14 D:\\server\\htdocs\\matrimonial\\vendor\\laravel\\lumen-framework\\src\\Concerns\\RoutesRequests.php(329): Laravel\\Lumen\\Application->callLumenController(Object(App\\Http\\Controllers\\loginController), 'adminLogin', Array)
#15 D:\\server\\htdocs\\matrimonial\\vendor\\laravel\\lumen-framework\\src\\Concerns\\RoutesRequests.php(282): Laravel\\Lumen\\Application->callControllerAction(Array)
#16 D:\\server\\htdocs\\matrimonial\\vendor\\laravel\\lumen-framework\\src\\Concerns\\RoutesRequests.php(267): Laravel\\Lumen\\Application->callActionOnArrayBasedRoute(Array)
#17 D:\\server\\htdocs\\matrimonial\\vendor\\laravel\\lumen-framework\\src\\Concerns\\RoutesRequests.php(169): Laravel\\Lumen\\Application->handleFoundRoute(Array)
#18 D:\\server\\htdocs\\matrimonial\\vendor\\laravel\\lumen-framework\\src\\Routing\\Pipeline.php(48): Laravel\\Lumen\\Application->Laravel\\Lumen\\Concerns\\{closure}(Object(Laravel\\Lumen\\Http\\Request))
#19 D:\\server\\htdocs\\matrimonial\\app\\Http\\Middleware\\CorsMiddleware.php(28): Laravel\\Lumen\\Routing\\Pipeline->Laravel\\Lumen\\Routing\\{closure}(Object(Laravel\\Lumen\\Http\\Request))
#20 D:\\server\\htdocs\\matrimonial\\vendor\\illuminate\\pipeline\\Pipeline.php(167): App\\Http\\Middleware\\CorsMiddleware->handle(Object(Laravel\\Lumen\\Http\\Request), Object(Closure))
#21 D:\\server\\htdocs\\matrimonial\\vendor\\laravel\\lumen-framework\\src\\Routing\\Pipeline.php(30): Illuminate\\Pipeline\\Pipeline->Illuminate\\Pipeline\\{closure}(Object(Laravel\\Lumen\\Http\\Request))
#22 D:\\server\\htdocs\\matrimonial\\app\\Http\\Middleware\\ExampleMiddleware.php(18): Laravel\\Lumen\\Routing\\Pipeline->Laravel\\Lumen\\Routing\\{closure}(Object(Laravel\\Lumen\\Http\\Request))
#23 D:\\server\\htdocs\\matrimonial\\vendor\\illuminate\\pipeline\\Pipeline.php(167): App\\Http\\Middleware\\ExampleMiddleware->handle(Object(Laravel\\Lumen\\Http\\Request), Object(Closure))
#24 D:\\server\\htdocs\\matrimonial\\vendor\\laravel\\lumen-framework\\src\\Routing\\Pipeline.php(30): Illuminate\\Pipeline\\Pipeline->Illuminate\\Pipeline\\{closure}(Object(Laravel\\Lumen\\Http\\Request))
#25 D:\\server\\htdocs\\matrimonial\\vendor\\illuminate\\pipeline\\Pipeline.php(103): Laravel\\Lumen\\Routing\\Pipeline->Laravel\\Lumen\\Routing\\{closure}(Object(Laravel\\Lumen\\Http\\Request))
#26 D:\\server\\htdocs\\matrimonial\\vendor\\laravel\\lumen-framework\\src\\Concerns\\RoutesRequests.php(426): Illuminate\\Pipeline\\Pipeline->then(Object(Closure))
#27 D:\\server\\htdocs\\matrimonial\\vendor\\laravel\\lumen-framework\\src\\Concerns\\RoutesRequests.php(165): Laravel\\Lumen\\Application->sendThroughPipeline(Array, Object(Closure))
#28 D:\\server\\htdocs\\matrimonial\\vendor\\laravel\\lumen-framework\\src\\Concerns\\RoutesRequests.php(112): Laravel\\Lumen\\Application->dispatch(NULL)
#29 D:\\server\\htdocs\\matrimonial\\public\\index.php(28): Laravel\\Lumen\\Application->run()
#30 {main}

[previous exception] [object] (PDOException(code: 1045): SQLSTATE[HY000] [1045] Access denied for user 'choicemarriage'@'49.37.117.136' (using password: YES) at D:\\server\\htdocs\\matrimonial\\vendor\\illuminate\\database\\Connectors\\Connector.php:70)
[stacktrace]
#0 D:\\server\\htdocs\\matrimonial\\vendor\\illuminate\\database\\Connectors\\Connector.php(70): PDO->__construct('mysql:host=103....', 'choicemarriage', Object(SensitiveParameterValue), Array)
#1 D:\\server\\htdocs\\matrimonial\\vendor\\illuminate\\database\\Connectors\\Connector.php(45): Illuminate\\Database\\Connectors\\Connector->createPdoConnection('mysql:host=103....', 'choicemarriage', 's4!1J6hn7', Array)
#2 D:\\server\\htdocs\\matrimonial\\vendor\\illuminate\\database\\Connectors\\MySqlConnector.php(24): Illuminate\\Database\\Connectors\\Connector->createConnection('mysql:host=103....', Array, Array)
#3 D:\\server\\htdocs\\matrimonial\\vendor\\illuminate\\database\\Connectors\\ConnectionFactory.php(184): Illuminate\\Database\\Connectors\\MySqlConnector->connect(Array)
#4 [internal function]: Illuminate\\Database\\Connectors\\ConnectionFactory->Illuminate\\Database\\Connectors\\{closure}()
#5 D:\\server\\htdocs\\matrimonial\\vendor\\illuminate\\database\\Connection.php(1064): call_user_func(Object(Closure))
#6 D:\\server\\htdocs\\matrimonial\\vendor\\illuminate\\database\\Connection.php(1100): Illuminate\\Database\\Connection->getPdo()
#7 D:\\server\\htdocs\\matrimonial\\vendor\\illuminate\\database\\Connection.php(442): Illuminate\\Database\\Connection->getReadPdo()
#8 D:\\server\\htdocs\\matrimonial\\vendor\\illuminate\\database\\Connection.php(368): Illuminate\\Database\\Connection->getPdoForSelect(true)
#9 D:\\server\\htdocs\\matrimonial\\vendor\\illuminate\\database\\Connection.php(705): Illuminate\\Database\\Connection->Illuminate\\Database\\{closure}('select * from `...', Array)
#10 D:\\server\\htdocs\\matrimonial\\vendor\\illuminate\\database\\Connection.php(672): Illuminate\\Database\\Connection->runQueryCallback('select * from `...', Array, Object(Closure))
#11 D:\\server\\htdocs\\matrimonial\\vendor\\illuminate\\database\\Connection.php(359): Illuminate\\Database\\Connection->run('select * from `...', Array, Object(Closure))
#12 D:\\server\\htdocs\\matrimonial\\vendor\\illuminate\\database\\Query\\Builder.php(2413): Illuminate\\Database\\Connection->select('select * from `...', Array, true)
#13 D:\\server\\htdocs\\matrimonial\\vendor\\illuminate\\database\\Query\\Builder.php(2402): Illuminate\\Database\\Query\\Builder->runSelect()
#14 D:\\server\\htdocs\\matrimonial\\vendor\\illuminate\\database\\Query\\Builder.php(2936): Illuminate\\Database\\Query\\Builder->Illuminate\\Database\\Query\\{closure}()
#15 D:\\server\\htdocs\\matrimonial\\vendor\\illuminate\\database\\Query\\Builder.php(2401): Illuminate\\Database\\Query\\Builder->onceWithColumns(Array, Object(Closure))
#16 D:\\server\\htdocs\\matrimonial\\app\\Http\\Controllers\\loginController.php(21): Illuminate\\Database\\Query\\Builder->get()
#17 D:\\server\\htdocs\\matrimonial\\vendor\\illuminate\\container\\BoundMethod.php(36): App\\Http\\Controllers\\loginController->adminLogin()
#18 D:\\server\\htdocs\\matrimonial\\vendor\\illuminate\\container\\Util.php(40): Illuminate\\Container\\BoundMethod::Illuminate\\Container\\{closure}()
#19 D:\\server\\htdocs\\matrimonial\\vendor\\illuminate\\container\\BoundMethod.php(93): Illuminate\\Container\\Util::unwrapIfClosure(Object(Closure))
#20 D:\\server\\htdocs\\matrimonial\\vendor\\illuminate\\container\\BoundMethod.php(35): Illuminate\\Container\\BoundMethod::callBoundMethod(Object(Laravel\\Lumen\\Application), Array, Object(Closure))
#21 D:\\server\\htdocs\\matrimonial\\vendor\\illuminate\\container\\Container.php(653): Illuminate\\Container\\BoundMethod::call(Object(Laravel\\Lumen\\Application), Array, Array, NULL)
#22 D:\\server\\htdocs\\matrimonial\\vendor\\laravel\\lumen-framework\\src\\Concerns\\RoutesRequests.php(389): Illuminate\\Container\\Container->call(Array, Array)
#23 D:\\server\\htdocs\\matrimonial\\vendor\\laravel\\lumen-framework\\src\\Concerns\\RoutesRequests.php(354): Laravel\\Lumen\\Application->callControllerCallable(Array, Array)
#24 D:\\server\\htdocs\\matrimonial\\vendor\\laravel\\lumen-framework\\src\\Concerns\\RoutesRequests.php(329): Laravel\\Lumen\\Application->callLumenController(Object(App\\Http\\Controllers\\loginController), 'adminLogin', Array)
#25 D:\\server\\htdocs\\matrimonial\\vendor\\laravel\\lumen-framework\\src\\Concerns\\RoutesRequests.php(282): Laravel\\Lumen\\Application->callControllerAction(Array)
#26 D:\\server\\htdocs\\matrimonial\\vendor\\laravel\\lumen-framework\\src\\Concerns\\RoutesRequests.php(267): Laravel\\Lumen\\Application->callActionOnArrayBasedRoute(Array)
#27 D:\\server\\htdocs\\matrimonial\\vendor\\laravel\\lumen-framework\\src\\Concerns\\RoutesRequests.php(169): Laravel\\Lumen\\Application->handleFoundRoute(Array)
#28 D:\\server\\htdocs\\matrimonial\\vendor\\laravel\\lumen-framework\\src\\Routing\\Pipeline.php(48): Laravel\\Lumen\\Application->Laravel\\Lumen\\Concerns\\{closure}(Object(Laravel\\Lumen\\Http\\Request))
#29 D:\\server\\htdocs\\matrimonial\\app\\Http\\Middleware\\CorsMiddleware.php(28): Laravel\\Lumen\\Routing\\Pipeline->Laravel\\Lumen\\Routing\\{closure}(Object(Laravel\\Lumen\\Http\\Request))
#30 D:\\server\\htdocs\\matrimonial\\vendor\\illuminate\\pipeline\\Pipeline.php(167): App\\Http\\Middleware\\CorsMiddleware->handle(Object(Laravel\\Lumen\\Http\\Request), Object(Closure))
#31 D:\\server\\htdocs\\matrimonial\\vendor\\laravel\\lumen-framework\\src\\Routing\\Pipeline.php(30): Illuminate\\Pipeline\\Pipeline->Illuminate\\Pipeline\\{closure}(Object(Laravel\\Lumen\\Http\\Request))
#32 D:\\server\\htdocs\\matrimonial\\app\\Http\\Middleware\\ExampleMiddleware.php(18): Laravel\\Lumen\\Routing\\Pipeline->Laravel\\Lumen\\Routing\\{closure}(Object(Laravel\\Lumen\\Http\\Request))
#33 D:\\server\\htdocs\\matrimonial\\vendor\\illuminate\\pipeline\\Pipeline.php(167): App\\Http\\Middleware\\ExampleMiddleware->handle(Object(Laravel\\Lumen\\Http\\Request), Object(Closure))
#34 D:\\server\\htdocs\\matrimonial\\vendor\\laravel\\lumen-framework\\src\\Routing\\Pipeline.php(30): Illuminate\\Pipeline\\Pipeline->Illuminate\\Pipeline\\{closure}(Object(Laravel\\Lumen\\Http\\Request))
#35 D:\\server\\htdocs\\matrimonial\\vendor\\illuminate\\pipeline\\Pipeline.php(103): Laravel\\Lumen\\Routing\\Pipeline->Laravel\\Lumen\\Routing\\{closure}(Object(Laravel\\Lumen\\Http\\Request))
#36 D:\\server\\htdocs\\matrimonial\\vendor\\laravel\\lumen-framework\\src\\Concerns\\RoutesRequests.php(426): Illuminate\\Pipeline\\Pipeline->then(Object(Closure))
#37 D:\\server\\htdocs\\matrimonial\\vendor\\laravel\\lumen-framework\\src\\Concerns\\RoutesRequests.php(165): Laravel\\Lumen\\Application->sendThroughPipeline(Array, Object(Closure))
#38 D:\\server\\htdocs\\matrimonial\\vendor\\laravel\\lumen-framework\\src\\Concerns\\RoutesRequests.php(112): Laravel\\Lumen\\Application->dispatch(NULL)
#39 D:\\server\\htdocs\\matrimonial\\public\\index.php(28): Laravel\\Lumen\\Application->run()
#40 {main}
"} 
